Component: ARM Compiler 5.06 update 7 (build 960) Tool: armlink [4d3601]

==============================================================================

Section Cross References

    startup_stm32f407xx.o(RESET) refers to startup_stm32f407xx.o(STACK) for __initial_sp
    startup_stm32f407xx.o(RESET) refers to startup_stm32f407xx.o(.text) for Reset_Handler
    startup_stm32f407xx.o(RESET) refers to stm32f4xx_it.o(i.NMI_Handler) for NMI_Handler
    startup_stm32f407xx.o(RESET) refers to stm32f4xx_it.o(i.HardFault_Handler) for HardFault_Handler
    startup_stm32f407xx.o(RESET) refers to stm32f4xx_it.o(i.MemManage_Handler) for MemManage_Handler
    startup_stm32f407xx.o(RESET) refers to stm32f4xx_it.o(i.BusFault_Handler) for BusFault_Handler
    startup_stm32f407xx.o(RESET) refers to stm32f4xx_it.o(i.UsageFault_Handler) for UsageFault_Handler
    startup_stm32f407xx.o(RESET) refers to port.o(.emb_text) for SVC_Handler
    startup_stm32f407xx.o(RESET) refers to stm32f4xx_it.o(i.DebugMon_Handler) for DebugMon_Handler
    startup_stm32f407xx.o(RESET) refers to port.o(i.SysTick_Handler) for SysTick_Handler
    startup_stm32f407xx.o(RESET) refers to stm32f4xx_it.o(i.USART1_IRQHandler) for USART1_IRQHandler
    startup_stm32f407xx.o(RESET) refers to stm32f4xx_it.o(i.TIM8_UP_TIM13_IRQHandler) for TIM8_UP_TIM13_IRQHandler
    startup_stm32f407xx.o(.text) refers to system_stm32f4xx.o(i.SystemInit) for SystemInit
    startup_stm32f407xx.o(.text) refers to entry.o(.ARM.Collect$$$$00000000) for __main
    main.o(i.HAL_TIM_PeriodElapsedCallback) refers to stm32f4xx_hal.o(i.HAL_IncTick) for HAL_IncTick
    main.o(i.SystemClock_Config) refers to memseta.o(.text) for __aeabi_memclr4
    main.o(i.SystemClock_Config) refers to stm32f4xx_hal_rcc.o(i.HAL_RCC_OscConfig) for HAL_RCC_OscConfig
    main.o(i.SystemClock_Config) refers to stm32f4xx_hal_rcc.o(i.HAL_RCC_ClockConfig) for HAL_RCC_ClockConfig
    main.o(i.main) refers to stm32f4xx_hal.o(i.HAL_Init) for HAL_Init
    main.o(i.main) refers to main.o(i.SystemClock_Config) for SystemClock_Config
    main.o(i.main) refers to gpio.o(i.MX_GPIO_Init) for MX_GPIO_Init
    main.o(i.main) refers to tim.o(i.MX_TIM2_Init) for MX_TIM2_Init
    main.o(i.main) refers to spi.o(i.MX_SPI2_Init) for MX_SPI2_Init
    main.o(i.main) refers to usart.o(i.MX_USART1_UART_Init) for MX_USART1_UART_Init
    main.o(i.main) refers to stm32f4xx_hal_uart.o(i.HAL_UART_Receive_IT) for HAL_UART_Receive_IT
    main.o(i.main) refers to shell_port.o(i.User_Shell_Init) for User_Shell_Init
    main.o(i.main) refers to freertos.o(i.MX_FREERTOS_Init) for MX_FREERTOS_Init
    main.o(i.main) refers to cmsis_os.o(i.osKernelStart) for osKernelStart
    main.o(i.main) refers to usart.o(.data) for recv_buf
    main.o(i.main) refers to usart.o(.bss) for huart1
    main.o(i.test) refers to printfa.o(i.__0printf) for __2printf
    main.o(shellCommand) refers to main.o(.constdata) for shellCmdtest
    main.o(shellCommand) refers to main.o(i.test) for test
    main.o(shellCommand) refers to main.o(.constdata) for shellDesctest
    gpio.o(i.MX_GPIO_Init) refers to memseta.o(.text) for __aeabi_memclr4
    gpio.o(i.MX_GPIO_Init) refers to stm32f4xx_hal_gpio.o(i.HAL_GPIO_WritePin) for HAL_GPIO_WritePin
    gpio.o(i.MX_GPIO_Init) refers to stm32f4xx_hal_gpio.o(i.HAL_GPIO_Init) for HAL_GPIO_Init
    freertos.o(i.MX_FREERTOS_Init) refers to memcpya.o(.text) for __aeabi_memcpy4
    freertos.o(i.MX_FREERTOS_Init) refers to cmsis_os.o(i.osThreadCreate) for osThreadCreate
    freertos.o(i.MX_FREERTOS_Init) refers to freertos.o(.constdata) for .constdata
    freertos.o(i.MX_FREERTOS_Init) refers to freertos.o(.data) for .data
    freertos.o(i.Start_LED_Task) refers to stm32f4xx_hal_gpio.o(i.HAL_GPIO_TogglePin) for HAL_GPIO_TogglePin
    freertos.o(i.Start_LED_Task) refers to cmsis_os.o(i.osDelay) for osDelay
    freertos.o(i.Start_RC522_Task) refers to rc522.o(i.readCard) for readCard
    freertos.o(i.Start_RC522_Task) refers to printfa.o(i.__0printf) for __2printf
    freertos.o(i.Start_RC522_Task) refers to strncmp.o(.text) for strncmp
    freertos.o(i.Start_RC522_Task) refers to cmsis_os.o(i.osDelay) for osDelay
    freertos.o(i.Start_RC522_Task) refers to freertos.o(.constdata) for .constdata
    freertos.o(i.vApplicationGetIdleTaskMemory) refers to freertos.o(.bss) for .bss
    freertos.o(.constdata) refers to freertos.o(.conststring) for .conststring
    freertos.o(.constdata) refers to freertos.o(i.Start_LED_Task) for Start_LED_Task
    freertos.o(.constdata) refers to freertos.o(i.Start_RC522_Task) for Start_RC522_Task
    spi.o(i.HAL_SPI_MspDeInit) refers to stm32f4xx_hal_gpio.o(i.HAL_GPIO_DeInit) for HAL_GPIO_DeInit
    spi.o(i.HAL_SPI_MspInit) refers to memseta.o(.text) for __aeabi_memclr4
    spi.o(i.HAL_SPI_MspInit) refers to stm32f4xx_hal_gpio.o(i.HAL_GPIO_Init) for HAL_GPIO_Init
    spi.o(i.MX_SPI2_Init) refers to stm32f4xx_hal_spi.o(i.HAL_SPI_Init) for HAL_SPI_Init
[...]
    i.shellLeft                              0x08004090   Section        0  shell.o(i.shellLeft)
    i.shellListCommand                       0x080040b0   Section        0  shell.o(i.shellListCommand)
    i.shellListItem                          0x080040fc   Section        0  shell.o(i.shellListItem)
    i.shellListKey                           0x080041f0   Section        0  shell.o(i.shellListKey)
    i.shellListUser                          0x08004240   Section        0  shell.o(i.shellListUser)
    i.shellListVar                           0x08004290   Section        0  shell.o(i.shellListVar)
    i.shellNormalInput                       0x080042e0   Section        0  shell.o(i.shellNormalInput)
    i.shellRight                             0x080042f0   Section        0  shell.o(i.shellRight)
    i.shellRunCommand                        0x08004310   Section        0  shell.o(i.shellRunCommand)
    i.shellSeekCommand                       0x080043cc   Section        0  shell.o(i.shellSeekCommand)
    i.shellSetUser                           0x0800443c   Section        0  shell.o(i.shellSetUser)
    i.shellSetVar                            0x0800449c   Section        0  shell.o(i.shellSetVar)
    i.shellSetVarValue                       0x080044f4   Section        0  shell.o(i.shellSetVarValue)
    i.shellShowVar                           0x08004564   Section        0  shell.o(i.shellShowVar)
    shellShowVar                             0x08004565   Thumb Code   142  shell.o(i.shellShowVar)
    i.shellSplit                             0x08004614   Section        0  shell.o(i.shellSplit)
    i.shellStringCompare                     0x08004700   Section        0  shell.o(i.shellStringCompare)
    shellStringCompare                       0x08004701   Thumb Code    36  shell.o(i.shellStringCompare)
    i.shellStringCopy                        0x08004724   Section        0  shell.o(i.shellStringCopy)
    shellStringCopy                          0x08004725   Thumb Code    24  shell.o(i.shellStringCopy)
    i.shellTab                               0x0800473c   Section        0  shell.o(i.shellTab)
    i.shellToDec                             0x08004838   Section        0  shell.o(i.shellToDec)
    i.shellToHex                             0x08004884   Section        0  shell.o(i.shellToHex)
    i.shellUp                                0x080048ae   Section        0  shell.o(i.shellUp)
    i.shellUsers                             0x080048b4   Section        0  shell.o(i.shellUsers)
    i.shellVars                              0x080048c8   Section        0  shell.o(i.shellVars)
    i.shellWriteCommandHelp                  0x080048dc   Section        0  shell.o(i.shellWriteCommandHelp)
    shellWriteCommandHelp                    0x080048dd   Thumb Code    78  shell.o(i.shellWriteCommandHelp)
    i.shellWritePrompt                       0x08004934   Section        0  shell.o(i.shellWritePrompt)
    shellWritePrompt                         0x08004935   Thumb Code    70  shell.o(i.shellWritePrompt)
    i.shellWriteReturnValue                  0x08004990   Section        0  shell.o(i.shellWriteReturnValue)
    shellWriteReturnValue                    0x08004991   Thumb Code    92  shell.o(i.shellWriteReturnValue)
    i.shellWriteString                       0x08004a10   Section        0  shell.o(i.shellWriteString)
    i.test                                   0x08004a34   Section        0  main.o(i.test)
    i.uxListRemove                           0x08004a70   Section        0  list.o(i.uxListRemove)
    i.vApplicationGetIdleTaskMemory          0x08004a98   Section        0  freertos.o(i.vApplicationGetIdleTaskMemory)
    i.vListInitialise                        0x08004aac   Section        0  list.o(i.vListInitialise)
    i.vListInitialiseItem                    0x08004ac2   Section        0  list.o(i.vListInitialiseItem)
    i.vListInsert                            0x08004ac8   Section        0  list.o(i.vListInsert)
    i.vListInsertEnd                         0x08004af8   Section        0  list.o(i.vListInsertEnd)
    i.vPortEnterCritical                     0x08004b10   Section        0  port.o(i.vPortEnterCritical)
    i.vPortExitCritical                      0x08004b50   Section        0  port.o(i.vPortExitCritical)
    i.vPortFree                              0x08004b78   Section        0  heap_4.o(i.vPortFree)
    i.vPortSetupTimerInterrupt               0x08004bdc   Section        0  port.o(i.vPortSetupTimerInterrupt)
    i.vTaskDelay                             0x08004c00   Section        0  tasks.o(i.vTaskDelay)
    i.vTaskStartScheduler                    0x08004c4c   Section        0  tasks.o(i.vTaskStartScheduler)
    i.vTaskSuspendAll                        0x08004cb8   Section        0  tasks.o(i.vTaskSuspendAll)
    i.vTaskSwitchContext                     0x08004cc8   Section        0  tasks.o(i.vTaskSwitchContext)
    i.xPortStartScheduler                    0x08004d24   Section        0  port.o(i.xPortStartScheduler)
    i.xTaskCreate                            0x08004e18   Section        0  tasks.o(i.xTaskCreate)
    i.xTaskCreateStatic                      0x08004e72   Section        0  tasks.o(i.xTaskCreateStatic)
    i.xTaskIncrementTick                     0x08004ec8   Section        0  tasks.o(i.xTaskIncrementTick)
    i.xTaskResumeAll                         0x08004f94   Section        0  tasks.o(i.xTaskResumeAll)
    .constdata                               0x08005058   Section        5  main.o(.constdata)
    .constdata                               0x0800505d   Section        5  main.o(.constdata)
    .constdata                               0x08005064   Section       64  freertos.o(.constdata)
    .constdata                               0x080050a4   Section       16  system_stm32f4xx.o(.constdata)
    .constdata                               0x080050b4   Section        8  system_stm32f4xx.o(.constdata)
    .constdata                               0x080050bc   Section        7  shell.o(.constdata)
    .constdata                               0x080050c3   Section        1  shell.o(.constdata)
    .constdata                               0x080050c4   Section       13  shell.o(.constdata)
    .constdata                               0x080050d1   Section        7  shell.o(.constdata)
    .constdata                               0x080050d8   Section        8  shell.o(.constdata)
    .constdata                               0x080050e0   Section        3  shell.o(.constdata)
    .constdata                               0x080050e3   Section        5  shell.o(.constdata)
    .constdata                               0x080050e8   Section        6  shell.o(.constdata)
    .constdata                               0x080050ee   Section        5  shell.o(.constdata)
    .constdata                               0x080050f3   Section        4  shell.o(.constdata)
    .constdata                               0x080050f7   Section       10  shell.o(.constdata)
    .constdata                               0x08005101   Section       10  shell.o(.constdata)
    .constdata                               0x0800510b   Section        7  shell.o(.constdata)
    .constdata                               0x08005112   Section        6  shell.o(.constdata)
    .constdata                               0x08005118   Section        6  shell.o(.constdata)
    .constdata                               0x0800511e   Section        5  shell.o(.constdata)
    .constdata                               0x08005123   Section       30  shell.o(.constdata)
    .constdata                               0x08005141   Section        6  shell.o(.constdata)
    .constdata                               0x08005147   Section       14  shell.o(.constdata)
    .constdata                               0x08005155   Section        5  shell.o(.constdata)
    .constdata                               0x0800515a   Section       13  shell.o(.constdata)
    .constdata                               0x08005167   Section        5  shell.o(.constdata)
    .constdata                               0x0800516c   Section       13  shell.o(.constdata)
    .constdata                               0x08005179   Section        5  shell.o(.constdata)
    .constdata                               0x0800517e   Section       13  shell.o(.constdata)
    .constdata                               0x0800518b   Section        6  shell.o(.constdata)
    .constdata                               0x08005191   Section       14  shell.o(.constdata)
    .conststring                             0x080051a0   Section       21  freertos.o(.conststring)
    .conststring                             0x080051b8   Section      673  shell.o(.conststring)
    shellCommand                             0x0800547c   Section       16  main.o(shellCommand)
    __tagsym$$used                           0x0800547c   Number         0  main.o(shellCommand)
    shellCommand                             0x0800548c   Section      288  shell.o(shellCommand)
    __tagsym$$used                           0x0800548c   Number         0  shell.o(shellCommand)
    __tagsym$$used                           0x0800549c   Number         0  shell.o(shellCommand)
    __tagsym$$used                           0x080054ac   Number         0  shell.o(shellCommand)
    __tagsym$$used                           0x080054bc   Number         0  shell.o(shellCommand)
    __tagsym$$used                           0x080054cc   Number         0  shell.o(shellCommand)
    __tagsym$$used                           0x080054dc   Number         0  shell.o(shellCommand)
    __tagsym$$used                           0x080054ec   Number         0  shell.o(shellCommand)
    __tagsym$$used                           0x080054fc   Number         0  shell.o(shellCommand)
    __tagsym$$used                           0x0800550c   Number         0  shell.o(shellCommand)
    __tagsym$$used                           0x0800551c   Number         0  shell.o(shellCommand)
    __tagsym$$used                           0x0800552c   Number         0  shell.o(shellCommand)
    __tagsym$$used                           0x0800553c   Number         0  shell.o(shellCommand)
    __tagsym$$used                           0x0800554c   Number         0  shell.o(shellCommand)
    __tagsym$$used                           0x0800555c   Number         0  shell.o(shellCommand)
    __tagsym$$used                           0x0800556c   Number         0  shell.o(shellCommand)
    __tagsym$$used                           0x0800557c   Number         0  shell.o(shellCommand)
    __tagsym$$used                           0x0800558c   Number         0  shell.o(shellCommand)
    __tagsym$$used                           0x0800559c   Number         0  shell.o(shellCommand)
    .data                                    0x20000000   Section        8  freertos.o(.data)
    .data                                    0x20000008   Section        1  usart.o(.data)
    .data                                    0x2000000c   Section       12  stm32f4xx_hal.o(.data)
    .data                                    0x20000018   Section        4  system_stm32f4xx.o(.data)
    .data                                    0x2000001c   Section       60  tasks.o(.data)
    uxDeletedTasksWaitingCleanUp             0x20000020   Data           4  tasks.o(.data)
    uxCurrentNumberOfTasks                   0x20000024   Data           4  tasks.o(.data)
    xTickCount                               0x20000028   Data           4  tasks.o(.data)
    uxTopReadyPriority                       0x2000002c   Data           4  tasks.o(.data)
    xSchedulerRunning                        0x20000030   Data           4  tasks.o(.data)
    xPendedTicks                             0x20000034   Data           4  tasks.o(.data)
    xYieldPending                            0x20000038   Data           4  tasks.o(.data)
    xNumOfOverflows                          0x2000003c   Data           4  tasks.o(.data)
    uxTaskNumber                             0x20000040   Data           4  tasks.o(.data)
    xNextTaskUnblockTime                     0x20000044   Data           4  tasks.o(.data)
    xIdleTaskHandle                          0x20000048   Data           4  tasks.o(.data)
    uxSchedulerSuspended                     0x2000004c   Data           4  tasks.o(.data)
    pxDelayedTaskList                        0x20000050   Data           4  tasks.o(.data)
    pxOverflowDelayedTaskList                0x20000054   Data           4  tasks.o(.data)
    .data                                    0x20000058   Section       32  heap_4.o(.data)
    pxEnd                                    0x20000058   Data           4  heap_4.o(.data)
    xFreeBytesRemaining                      0x2000005c   Data           4  heap_4.o(.data)
    xMinimumEverFreeBytesRemaining           0x20000060   Data           4  heap_4.o(.data)
    xNumberOfSuccessfulAllocations           0x20000064   Data           4  heap_4.o(.data)
    xNumberOfSuccessfulFrees                 0x20000068   Data           4  heap_4.o(.data)
    xBlockAllocatedBit                       0x2000006c   Data           4  heap_4.o(.data)
    xStart                                   0x20000070   Data           8  heap_4.o(.data)
    .data                                    0x20000078   Section       12  port.o(.data)
    ucMaxSysCallPriority                     0x20000078   Data           1  port.o(.data)
    uxCriticalNesting                        0x2000007c   Data           4  port.o(.data)
    ulMaxPRIGROUPValue                       0x20000080   Data           4  port.o(.data)
    .data                                    0x20000084   Section        1  rc522.o(.data)
    ret                                      0x20000084   Data           1  rc522.o(.data)
    .data                                    0x20000088   Section       88  shell.o(.data)
    shellText                                0x2000008c   Data          84  shell.o(.data)
    .data                                    0x200000e0   Section        4  stdout.o(.data)
    .bss                                     0x200000e4   Section      612  freertos.o(.bss)
    xIdleTaskTCBBuffer                       0x200000e4   Data         100  freertos.o(.bss)
    xIdleStack                               0x20000148   Data         512  freertos.o(.bss)
    .bss                                     0x20000348   Section       88  spi.o(.bss)
    .bss                                     0x200003a0   Section       72  tim.o(.bss)
    .bss                                     0x200003e8   Section       72  usart.o(.bss)
    .bss                                     0x20000430   Section       72  stm32f4xx_hal_timebase_tim.o(.bss)
    .bss                                     0x20000478   Section      240  tasks.o(.bss)
    pxReadyTasksLists                        0x20000478   Data         140  tasks.o(.bss)
    xDelayedTaskList1                        0x20000504   Data          20  tasks.o(.bss)
    xDelayedTaskList2                        0x20000518   Data          20  tasks.o(.bss)
    xPendingReadyList                        0x2000052c   Data          20  tasks.o(.bss)
    xTasksWaitingTermination                 0x20000540   Data          20  tasks.o(.bss)
    xSuspendedTaskList                       0x20000554   Data          20  tasks.o(.bss)
    .bss                                     0x20000568   Section    15360  heap_4.o(.bss)
    ucHeap                                   0x20000568   Data       15360  heap_4.o(.bss)
    .bss                                     0x20004168   Section      620  shell_port.o(.bss)
    .bss                                     0x200043d4   Section       29  shell.o(.bss)
    shellList                                0x200043d4   Data          20  shell.o(.bss)
    buffer                                   0x200043e8   Data           9  shell.o(.bss)
    STACK                                    0x200043f8   Section     1024  startup_stm32f407xx.o(STACK)

    Global Symbols

    Symbol Name                              Value     Ov Type        Size  Object(Section)

    BuildAttributes$$THM_ISAv4$E$P$D$K$B$S$7EM$VFPi3$EXTD16$VFPS$VFMA$PE$A:L22UL41UL21$X:L11$S22US41US21$IEEE1$IW$USESV6$~STKCKD$USESV7$~SHL$OSPACE$ROPI$EBA8$MICROLIB$REQ8$PRES8$EABIv2 0x00000000   Number         0  anon$$obj.o ABSOLUTE
    __ARM_use_no_argv                        0x00000000   Number         0  main.o ABSOLUTE
    _printf_a                                0x00000000   Number         0  stubs.o ABSOLUTE
    _printf_c                                0x00000000   Number         0  stubs.o ABSOLUTE
    _printf_charcount                        0x00000000   Number         0  stubs.o ABSOLUTE
    _printf_d                                0x00000000   Number         0  stubs.o ABSOLUTE
    _printf_e                                0x00000000   Number         0  stubs.o ABSOLUTE
    _printf_f                                0x00000000   Number         0  stubs.o ABSOLUTE
    _printf_flags                            0x00000000   Number         0  stubs.o ABSOLUTE
    _printf_fp_dec                           0x00000000   Number         0  stubs.o ABSOLUTE
    _printf_fp_hex                           0x00000000   Number         0  stubs.o ABSOLUTE
    _printf_g                                0x00000000   Number         0  stubs.o ABSOLUTE
    _printf_i                                0x00000000   Number         0  stubs.o ABSOLUTE
    _printf_int_dec                          0x00000000   Number         0  stubs.o ABSOLUTE
    _printf_l                                0x00000000   Number         0  stubs.o ABSOLUTE
    _printf_lc                               0x00000000   Number         0  stubs.o ABSOLUTE
    _printf_ll                               0x00000000   Number         0  stubs.o ABSOLUTE
    _printf_lld                              0x00000000   Number         0  stubs.o ABSOLUTE
    _printf_lli                              0x00000000   Number         0  stubs.o ABSOLUTE
    _printf_llo                              0x00000000   Number         0  stubs.o ABSOLUTE
    _printf_llu                              0x00000000   Number         0  stubs.o ABSOLUTE
    _printf_llx                              0x00000000   Number         0  stubs.o ABSOLUTE
    _printf_longlong_dec                     0x00000000   Number         0  stubs.o ABSOLUTE
    _printf_longlong_hex                     0x00000000   Number         0  stubs.o ABSOLUTE
    _printf_longlong_oct                     0x00000000   Number         0  stubs.o ABSOLUTE
    _printf_ls                               0x00000000   Number         0  stubs.o ABSOLUTE
    _printf_mbtowc                           0x00000000   Number         0  stubs.o ABSOLUTE
    _printf_n                                0x00000000   Number         0  stubs.o ABSOLUTE
    _printf_o                                0x00000000   Number         0  stubs.o ABSOLUTE
    _printf_p                                0x00000000   Number         0  stubs.o ABSOLUTE
    _printf_percent                          0x00000000   Number         0  stubs.o ABSOLUTE
    _printf_pre_padding                      0x00000000   Number         0  stubs.o ABSOLUTE
    _printf_return_value                     0x00000000   Number         0  stubs.o ABSOLUTE
    _printf_s                                0x00000000   Number         0  stubs.o ABSOLUTE
    _printf_sizespec                         0x00000000   Number         0  stubs.o ABSOLUTE
    _printf_str                              0x00000000   Number         0  stubs.o ABSOLUTE
    _printf_truncate_signed                  0x00000000   Number         0  stubs.o ABSOLUTE
    _printf_truncate_unsigned                0x00000000   Number         0  stubs.o ABSOLUTE
    _printf_u                                0x00000000   Number         0  stubs.o ABSOLUTE
    _printf_wc                               0x00000000   Number         0  stubs.o ABSOLUTE
    _printf_wctomb                           0x00000000   Number         0  stubs.o ABSOLUTE
    _printf_widthprec                        0x00000000   Number         0  stubs.o ABSOLUTE
    _printf_x                                0x00000000   Number         0  stubs.o ABSOLUTE
    __arm_fini_                               - Undefined Weak Reference
    __cpp_initialize__aeabi_                  - Undefined Weak Reference
    __cxa_finalize                            - Undefined Weak Reference
    __decompress                              - Undefined Weak Reference
    _clock_init                               - Undefined Weak Reference
    _microlib_exit                            - Undefined Weak Reference
    __Vectors_Size                           0x00000188   Number         0  startup_stm32f407xx.o ABSOLUTE
    __Vectors                                0x08000000   Data           4  startup_stm32f407xx.o(RESET)
    __Vectors_End                            0x08000188   Data           0  startup_stm32f407xx.o(RESET)
    __main                                   0x08000189   Thumb Code     0  entry.o(.ARM.Collect$$$$00000000)
    _main_stk                                0x08000189   Thumb Code     0  entry2.o(.ARM.Collect$$$$00000001)
    _main_scatterload                        0x0800018d   Thumb Code     0  entry5.o(.ARM.Collect$$$$00000004)
    __main_after_scatterload                 0x08000191   Thumb Code     0  entry5.o(.ARM.Collect$$$$00000004)
    _main_clock                              0x08000191   Thumb Code     0  entry7b.o(.ARM.Collect$$$$00000008)
    _main_cpp_init                           0x08000191   Thumb Code     0  entry8b.o(.ARM.Collect$$$$0000000A)
    _main_init                               0x08000191   Thumb Code     0  entry9a.o(.ARM.Collect$$$$0000000B)
    __rt_lib_shutdown_fini                   0x08000199   Thumb Code     0  entry12b.o(.ARM.Collect$$$$0000000E)
    __rt_final_cpp                           0x0800019d   Thumb Code     0  entry10a.o(.ARM.Collect$$$$0000000F)
    __rt_final_exit                          0x0800019d   Thumb Code     0  entry11a.o(.ARM.Collect$$$$00000011)
    SVC_Handler                              0x080001a1   Thumb Code    28  port.o(.emb_text)
    __asm___6_port_c_39a90d8d__prvStartFirstTask 0x080001c1   Thumb Code    36  port.o(.emb_text)
    __asm___6_port_c_39a90d8d__prvEnableVFP  0x080001e9   Thumb Code    16  port.o(.emb_text)
    PendSV_Handler                           0x080001fd   Thumb Code    88  port.o(.emb_text)
    vPortGetIPSR                             0x08000259   Thumb Code     6  port.o(.emb_text)
    Reset_Handler                            0x08000261   Thumb Code     8  startup_stm32f407xx.o(.text)
    ADC_IRQHandler                           0x0800027b   Thumb Code     0  startup_stm32f407xx.o(.text)
    CAN1_RX0_IRQHandler                      0x0800027b   Thumb Code     0  startup_stm32f407xx.o(.text)
    CAN1_RX1_IRQHandler                      0x0800027b   Thumb Code     0  startup_stm32f407xx.o(.text)
    CAN1_SCE_IRQHandler                      0x0800027b   Thumb Code     0  startup_stm32f407xx.o(.text)
    CAN1_TX_IRQHandler                       0x0800027b   Thumb Code     0  startup_stm32f407xx.o(.text)
    CAN2_RX0_IRQHandler                      0x0800027b   Thumb Code     0  startup_stm32f407xx.o(.text)
    CAN2_RX1_IRQHandler                      0x0800027b   Thumb Code     0  startup_stm32f407xx.o(.text)
    CAN2_SCE_IRQHandler                      0x0800027b   Thumb Code     0  startup_stm32f407xx.o(.text)
    CAN2_TX_IRQHandler                       0x0800027b   Thumb Code     0  startup_stm32f407xx.o(.text)
    DCMI_IRQHandler                          0x0800027b   Thumb Code     0  startup_stm32f407xx.o(.text)
    DMA1_Stream0_IRQHandler                  0x0800027b   Thumb Code     0  startup_stm32f407xx.o(.text)
    DMA1_Stream1_IRQHandler                  0x0800027b   Thumb Code     0  startup_stm32f407xx.o(.text)
    DMA1_Stream2_IRQHandler                  0x0800027b   Thumb Code     0  startup_stm32f407xx.o(.text)
    DMA1_Stream3_IRQHandler                  0x0800027b   Thumb Code     0  startup_stm32f407xx.o(.text)
    DMA1_Stream4_IRQHandler                  0x0800027b   Thumb Code     0  startup_stm32f407xx.o(.text)
    DMA1_Stream5_IRQHandler                  0x0800027b   Thumb Code     0  startup_stm32f407xx.o(.text)
    DMA1_Stream6_IRQHandler                  0x0800027b   Thumb Code     0  startup_stm32f407xx.o(.text)
    DMA1_Stream7_IRQHandler                  0x0800027b   Thumb Code     0  startup_stm32f407xx.o(.text)
    DMA2_Stream0_IRQHandler                  0x0800027b   Thumb Code     0  startup_stm32f407xx.o(.text)
    DMA2_Stream1_IRQHandler                  0x0800027b   Thumb Code     0  startup_stm32f407xx.o(.text)
    DMA2_Stream2_IRQHandler                  0x0800027b   Thumb Code     0  startup_stm32f407xx.o(.text)
    DMA2_Stream3_IRQHandler                  0x0800027b   Thumb Code     0  startup_stm32f407xx.o(.text)
    DMA2_Stream4_IRQHandler                  0x0800027b   Thumb Code     0  startup_stm32f407xx.o(.text)
    DMA2_Stream5_IRQHandler                  0x0800027b   Thumb Code     0  startup_stm32f407xx.o(.text)
    DMA2_Stream6_IRQHandler                  0x0800027b   Thumb Code     0  startup_stm32f407xx.o(.text)
    DMA2_Stream7_IRQHandler                  0x0800027b   Thumb Code     0  startup_stm32f407xx.o(.text)
    ETH_IRQHandler                           0x0800027b   Thumb Code     0  startup_stm32f407xx.o(.text)
    ETH_WKUP_IRQHandler                      0x0800027b   Thumb Code     0  startup_stm32f407xx.o(.text)
    EXTI0_IRQHandler                         0x0800027b   Thumb Code     0  startup_stm32f407xx.o(.text)
    EXTI15_10_IRQHandler                     0x0800027b   Thumb Code     0  startup_stm32f407xx.o(.text)
    EXTI1_IRQHandler                         0x0800027b   Thumb Code     0  startup_stm32f407xx.o(.text)
    EXTI2_IRQHandler                         0x0800027b   Thumb Code     0  startup_stm32f407xx.o(.text)
    EXTI3_IRQHandler                         0x0800027b   Thumb Code     0  startup_stm32f407xx.o(.text)
    EXTI4_IRQHandler                         0x0800027b   Thumb Code     0  startup_stm32f407xx.o(.text)
    EXTI9_5_IRQHandler                       0x0800027b   Thumb Code     0  startup_stm32f407xx.o(.text)
    FLASH_IRQHandler                         0x0800027b   Thumb Code     0  startup_stm32f407xx.o(.text)
    FMC_IRQHandler                           0x0800027b   Thumb Code     0  startup_stm32f407xx.o(.text)
    FPU_IRQHandler                           0x0800027b   Thumb Code     0  startup_stm32f407xx.o(.text)
    HASH_RNG_IRQHandler                      0x0800027b   Thumb Code     0  startup_stm32f407xx.o(.text)
    I2C1_ER_IRQHandler                       0x0800027b   Thumb Code     0  startup_stm32f407xx.o(.text)
    I2C1_EV_IRQHandler                       0x0800027b   Thumb Code     0  startup_stm32f407xx.o(.text)
    I2C2_ER_IRQHandler                       0x0800027b   Thumb Code     0  startup_stm32f407xx.o(.text)
    I2C2_EV_IRQHandler                       0x0800027b   Thumb Code     0  startup_stm32f407xx.o(.text)
    I2C3_ER_IRQHandler                       0x0800027b   Thumb Code     0  startup_stm32f407xx.o(.text)
    I2C3_EV_IRQHandler                       0x0800027b   Thumb Code     0  startup_stm32f407xx.o(.text)
    OTG_FS_IRQHandler                        0x0800027b   Thumb Code     0  startup_stm32f407xx.o(.text)
    OTG_FS_WKUP_IRQHandler                   0x0800027b   Thumb Code     0  startup_stm32f407xx.o(.text)
    OTG_HS_EP1_IN_IRQHandler                 0x0800027b   Thumb Code     0  startup_stm32f407xx.o(.text)
    OTG_HS_EP1_OUT_IRQHandler                0x0800027b   Thumb Code     0  startup_stm32f407xx.o(.text)
    OTG_HS_IRQHandler                        0x0800027b   Thumb Code     0  startup_stm32f407xx.o(.text)
    OTG_HS_WKUP_IRQHandler                   0x0800027b   Thumb Code     0  startup_stm32f407xx.o(.text)
    PVD_IRQHandler                           0x0800027b   Thumb Code     0  startup_stm32f407xx.o(.text)
    RCC_IRQHandler                           0x0800027b   Thumb Code     0  startup_stm32f407xx.o(.text)
    RTC_Alarm_IRQHandler                     0x0800027b   Thumb Code     0  startup_stm32f407xx.o(.text)
    RTC_WKUP_IRQHandler                      0x0800027b   Thumb Code     0  startup_stm32f407xx.o(.text)
    SDIO_IRQHandler                          0x0800027b   Thumb Code     0  startup_stm32f407xx.o(.text)
    SPI1_IRQHandler                          0x0800027b   Thumb Code     0  startup_stm32f407xx.o(.text)
    SPI2_IRQHandler                          0x0800027b   Thumb Code     0  startup_stm32f407xx.o(.text)
    SPI3_IRQHandler                          0x0800027b   Thumb Code     0  startup_stm32f407xx.o(.text)
    TAMP_STAMP_IRQHandler                    0x0800027b   Thumb Code     0  startup_stm32f407xx.o(.text)
    TIM1_BRK_TIM9_IRQHandler                 0x0800027b   Thumb Code     0  startup_stm32f407xx.o(.text)
    TIM1_CC_IRQHandler                       0x0800027b   Thumb Code     0  startup_stm32f407xx.o(.text)
    TIM1_TRG_COM_TIM11_IRQHandler            0x0800027b   Thumb Code     0  startup_stm32f407xx.o(.text)
    TIM1_UP_TIM10_IRQHandler                 0x0800027b   Thumb Code     0  startup_stm32f407xx.o(.text)
    TIM2_IRQHandler                          0x0800027b   Thumb Code     0  startup_stm32f407xx.o(.text)
    TIM3_IRQHandler                          0x0800027b   Thumb Code     0  startup_stm32f407xx.o(.text)
    TIM4_IRQHandler                          0x0800027b   Thumb Code     0  startup_stm32f407xx.o(.text)
    TIM5_IRQHandler                          0x0800027b   Thumb Code     0  startup_stm32f407xx.o(.text)
    TIM6_DAC_IRQHandler                      0x0800027b   Thumb Code     0  startup_stm32f407xx.o(.text)
    TIM7_IRQHandler                          0x0800027b   Thumb Code     0  startup_stm32f407xx.o(.text)
    TIM8_BRK_TIM12_IRQHandler                0x0800027b   Thumb Code     0  startup_stm32f407xx.o(.text)
    TIM8_CC_IRQHandler                       0x0800027b   Thumb Code     0  startup_stm32f407xx.o(.text)
    TIM8_TRG_COM_TIM14_IRQHandler            0x0800027b   Thumb Code     0  startup_stm32f407xx.o(.text)
    UART4_IRQHandler                         0x0800027b   Thumb Code     0  startup_stm32f407xx.o(.text)
    UART5_IRQHandler                         0x0800027b   Thumb Code     0  startup_stm32f407xx.o(.text)
    USART2_IRQHandler                        0x0800027b   Thumb Code     0  startup_stm32f407xx.o(.text)
    USART3_IRQHandler                        0x0800027b   Thumb Code     0  startup_stm32f407xx.o(.text)
    USART6_IRQHandler                        0x0800027b   Thumb Code     0  startup_stm32f407xx.o(.text)
    WWDG_IRQHandler                          0x0800027b   Thumb Code     0  startup_stm32f407xx.o(.text)
    __aeabi_uldivmod                         0x08000285   Thumb Code    98  uldiv.o(.text)
    __aeabi_memcpy                           0x080002e7   Thumb Code    36  memcpya.o(.text)
    __aeabi_memcpy4                          0x080002e7   Thumb Code     0  memcpya.o(.text)
    __aeabi_memcpy8                          0x080002e7   Thumb Code     0  memcpya.o(.text)
    __aeabi_memset                           0x0800030b   Thumb Code    14  memseta.o(.text)
    __aeabi_memset4                          0x0800030b   Thumb Code     0  memseta.o(.text)
    __aeabi_memset8                          0x0800030b   Thumb Code     0  memseta.o(.text)
    __aeabi_memclr                           0x08000319   Thumb Code     4  memseta.o(.text)
    __aeabi_memclr4                          0x08000319   Thumb Code     0  memseta.o(.text)
    __aeabi_memclr8                          0x08000319   Thumb Code     0  memseta.o(.text)
    memset                                   0x0800031d   Thumb Code    18  memseta.o(.text)
    strlen                                   0x0800032f   Thumb Code    14  strlen.o(.text)
    strcmp                                   0x0800033d   Thumb Code    28  strcmp.o(.text)
    strncmp                                  0x08000359   Thumb Code    30  strncmp.o(.text)
    __aeabi_uidiv                            0x08000377   Thumb Code     0  uidiv.o(.text)
    __aeabi_uidivmod                         0x08000377   Thumb Code    44  uidiv.o(.text)
    __aeabi_llsl                             0x080003a3   Thumb Code    30  llshl.o(.text)
    _ll_shift_l                              0x080003a3   Thumb Code     0  llshl.o(.text)
    __aeabi_llsr                             0x080003c1   Thumb Code    32  llushr.o(.text)
    _ll_ushift_r                             0x080003c1   Thumb Code     0  llushr.o(.text)
    __I$use$fp                               0x080003e1   Thumb Code     0  iusefp.o(.text)
    __aeabi_dadd                             0x080003e1   Thumb Code   322  dadd.o(.text)
    __aeabi_dsub                             0x08000523   Thumb Code     6  dadd.o(.text)
    __aeabi_drsub                            0x08000529   Thumb Code     6  dadd.o(.text)
    __aeabi_dmul                             0x0800052f   Thumb Code   228  dmul.o(.text)
    __aeabi_ddiv                             0x08000613   Thumb Code   222  ddiv.o(.text)
    __aeabi_d2ulz                            0x080006f1   Thumb Code    48  dfixul.o(.text)
    __aeabi_cdrcmple                         0x08000721   Thumb Code    48  cdrcmple.o(.text)
    __scatterload                            0x08000751   Thumb Code    28  init.o(.text)
    __scatterload_rt2                        0x08000751   Thumb Code     0  init.o(.text)
    __aeabi_lasr                             0x08000775   Thumb Code    36  llsshr.o(.text)
    _ll_sshift_r                             0x08000775   Thumb Code     0  llsshr.o(.text)
    _double_round                            0x08000799   Thumb Code    30  depilogue.o(.text)
    _double_epilogue                         0x080007b7   Thumb Code   156  depilogue.o(.text)
    BusFault_Handler                         0x08000853   Thumb Code     2  stm32f4xx_it.o(i.BusFault_Handler)
    DebugMon_Handler                         0x08000855   Thumb Code     2  stm32f4xx_it.o(i.DebugMon_Handler)
    Error_Handler                            0x08000857   Thumb Code     4  main.o(i.Error_Handler)
    HAL_DMA_Abort                            0x0800085b   Thumb Code   146  stm32f4xx_hal_dma.o(i.HAL_DMA_Abort)
    HAL_DMA_Abort_IT                         0x080008ed   Thumb Code    36  stm32f4xx_hal_dma.o(i.HAL_DMA_Abort_IT)
    HAL_GPIO_Init                            0x08000911   Thumb Code   450  stm32f4xx_hal_gpio.o(i.HAL_GPIO_Init)
    HAL_GPIO_TogglePin                       0x08000b01   Thumb Code    16  stm32f4xx_hal_gpio.o(i.HAL_GPIO_TogglePin)
    HAL_GPIO_WritePin                        0x08000b11   Thumb Code    10  stm32f4xx_hal_gpio.o(i.HAL_GPIO_WritePin)
    HAL_GetTick                              0x08000b1d   Thumb Code     6  stm32f4xx_hal.o(i.HAL_GetTick)
    HAL_IncTick                              0x08000b29   Thumb Code    12  stm32f4xx_hal.o(i.HAL_IncTick)
    HAL_Init                                 0x08000b39   Thumb Code    48  stm32f4xx_hal.o(i.HAL_Init)
    HAL_InitTick                             0x08000b6d   Thumb Code   118  stm32f4xx_hal_timebase_tim.o(i.HAL_InitTick)
    HAL_MspInit                              0x08000bf9   Thumb Code    52  stm32f4xx_hal_msp.o(i.HAL_MspInit)
    HAL_NVIC_EnableIRQ                       0x08000c31   Thumb Code    26  stm32f4xx_hal_cortex.o(i.HAL_NVIC_EnableIRQ)
    HAL_NVIC_SetPriority                     0x08000c4d   Thumb Code    60  stm32f4xx_hal_cortex.o(i.HAL_NVIC_SetPriority)
    HAL_NVIC_SetPriorityGrouping             0x08000c8d   Thumb Code    26  stm32f4xx_hal_cortex.o(i.HAL_NVIC_SetPriorityGrouping)
    HAL_RCC_ClockConfig                      0x08000cb1   Thumb Code   288  stm32f4xx_hal_rcc.o(i.HAL_RCC_ClockConfig)
    HAL_RCC_GetClockConfig                   0x08000de5   Thumb Code    54  stm32f4xx_hal_rcc.o(i.HAL_RCC_GetClockConfig)
    HAL_RCC_GetPCLK1Freq                     0x08000e25   Thumb Code    20  stm32f4xx_hal_rcc.o(i.HAL_RCC_GetPCLK1Freq)
    HAL_RCC_GetPCLK2Freq                     0x08000e45   Thumb Code    20  stm32f4xx_hal_rcc.o(i.HAL_RCC_GetPCLK2Freq)
    HAL_RCC_GetSysClockFreq                  0x08000e65   Thumb Code    88  stm32f4xx_hal_rcc.o(i.HAL_RCC_GetSysClockFreq)
    HAL_RCC_OscConfig                        0x08000ec5   Thumb Code   856  stm32f4xx_hal_rcc.o(i.HAL_RCC_OscConfig)
    HAL_SPI_Init                             0x08001231   Thumb Code   188  stm32f4xx_hal_spi.o(i.HAL_SPI_Init)
    HAL_SPI_MspInit                          0x080012ed   Thumb Code   128  spi.o(i.HAL_SPI_MspInit)
    HAL_SPI_TransmitReceive                  0x0800137d   Thumb Code   494  stm32f4xx_hal_spi.o(i.HAL_SPI_TransmitReceive)
    HAL_TIMEx_BreakCallback                  0x0800156b   Thumb Code     2  stm32f4xx_hal_tim_ex.o(i.HAL_TIMEx_BreakCallback)
    HAL_TIMEx_CommutCallback                 0x0800156d   Thumb Code     2  stm32f4xx_hal_tim_ex.o(i.HAL_TIMEx_CommutCallback)
    HAL_TIMEx_MasterConfigSynchronization    0x08001571   Thumb Code   116  stm32f4xx_hal_tim_ex.o(i.HAL_TIMEx_MasterConfigSynchronization)
    HAL_TIM_Base_Init                        0x08001601   Thumb Code    90  stm32f4xx_hal_tim.o(i.HAL_TIM_Base_Init)
    HAL_TIM_Base_MspInit                     0x0800165d   Thumb Code    30  tim.o(i.HAL_TIM_Base_MspInit)
    HAL_TIM_Base_Start_IT                    0x08001681   Thumb Code   100  stm32f4xx_hal_tim.o(i.HAL_TIM_Base_Start_IT)
    HAL_TIM_ConfigClockSource                0x08001701   Thumb Code   220  stm32f4xx_hal_tim.o(i.HAL_TIM_ConfigClockSource)
    HAL_TIM_IC_CaptureCallback               0x080017dd   Thumb Code     2  stm32f4xx_hal_tim.o(i.HAL_TIM_IC_CaptureCallback)
    HAL_TIM_IRQHandler                       0x080017df   Thumb Code   304  stm32f4xx_hal_tim.o(i.HAL_TIM_IRQHandler)
    HAL_TIM_OC_DelayElapsedCallback          0x0800190f   Thumb Code     2  stm32f4xx_hal_tim.o(i.HAL_TIM_OC_DelayElapsedCallback)
    HAL_TIM_PWM_PulseFinishedCallback        0x08001911   Thumb Code     2  stm32f4xx_hal_tim.o(i.HAL_TIM_PWM_PulseFinishedCallback)
    HAL_TIM_PeriodElapsedCallback            0x08001915   Thumb Code    14  main.o(i.HAL_TIM_PeriodElapsedCallback)
    HAL_TIM_TriggerCallback                  0x08001929   Thumb Code     2  stm32f4xx_hal_tim.o(i.HAL_TIM_TriggerCallback)
    HAL_UARTEx_RxEventCallback               0x0800192b   Thumb Code     2  stm32f4xx_hal_uart.o(i.HAL_UARTEx_RxEventCallback)
    HAL_UART_ErrorCallback                   0x0800192d   Thumb Code     2  stm32f4xx_hal_uart.o(i.HAL_UART_ErrorCallback)
    HAL_UART_IRQHandler                      0x08001931   Thumb Code   618  stm32f4xx_hal_uart.o(i.HAL_UART_IRQHandler)
    HAL_UART_Init                            0x08001ba1   Thumb Code   100  stm32f4xx_hal_uart.o(i.HAL_UART_Init)
    HAL_UART_MspInit                         0x08001c05   Thumb Code   110  usart.o(i.HAL_UART_MspInit)
    HAL_UART_Receive_IT                      0x08001c81   Thumb Code    28  stm32f4xx_hal_uart.o(i.HAL_UART_Receive_IT)
    HAL_UART_RxCpltCallback                  0x08001c9d   Thumb Code    36  usart.o(i.HAL_UART_RxCpltCallback)
    HAL_UART_Transmit                        0x08001cd1   Thumb Code   160  stm32f4xx_hal_uart.o(i.HAL_UART_Transmit)
    HAL_UART_TxCpltCallback                  0x08001d71   Thumb Code     2  stm32f4xx_hal_uart.o(i.HAL_UART_TxCpltCallback)
    HardFault_Handler                        0x08001d73   Thumb Code     2  stm32f4xx_it.o(i.HardFault_Handler)
    MFRC_ClrBitMask                          0x08001d75   Thumb Code    24  rc522.o(i.MFRC_ClrBitMask)
    MFRC_CmdFrame                            0x08001d8d   Thumb Code   282  rc522.o(i.MFRC_CmdFrame)
    MFRC_ReadReg                             0x08001ead   Thumb Code    56  rc522.o(i.MFRC_ReadReg)
    MFRC_SetBitMask                          0x08001ee9   Thumb Code    24  rc522.o(i.MFRC_SetBitMask)
    MFRC_WriteReg                            0x08001f01   Thumb Code    54  rc522.o(i.MFRC_WriteReg)
    MX_FREERTOS_Init                         0x08001f3d   Thumb Code    52  freertos.o(i.MX_FREERTOS_Init)
    MX_GPIO_Init                             0x08001f79   Thumb Code   176  gpio.o(i.MX_GPIO_Init)
    MX_SPI2_Init                             0x08002035   Thumb Code    62  spi.o(i.MX_SPI2_Init)
    MX_TIM2_Init                             0x0800207d   Thumb Code   100  tim.o(i.MX_TIM2_Init)
    MX_USART1_UART_Init                      0x080020e5   Thumb Code    48  usart.o(i.MX_USART1_UART_Init)
    MemManage_Handler                        0x0800211d   Thumb Code     2  stm32f4xx_it.o(i.MemManage_Handler)
    NMI_Handler                              0x0800211f   Thumb Code     2  stm32f4xx_it.o(i.NMI_Handler)
    PCD_Anticoll                             0x08002121   Thumb Code   106  rc522.o(i.PCD_Anticoll)
    PCD_Request                              0x0800218b   Thumb Code    80  rc522.o(i.PCD_Request)
    SPI2_RW_Byte                             0x080021dd   Thumb Code    26  rc522.o(i.SPI2_RW_Byte)
    Start_LED_Task                           0x08002325   Thumb Code    36  freertos.o(i.Start_LED_Task)
    Start_RC522_Task                         0x0800234d   Thumb Code    80  freertos.o(i.Start_RC522_Task)
    SysTick_Handler                          0x080023cd   Thumb Code    38  port.o(i.SysTick_Handler)
    SystemClock_Config                       0x080023f9   Thumb Code   134  main.o(i.SystemClock_Config)
    SystemInit                               0x08002489   Thumb Code    12  system_stm32f4xx.o(i.SystemInit)
    TIM8_UP_TIM13_IRQHandler                 0x08002499   Thumb Code     6  stm32f4xx_it.o(i.TIM8_UP_TIM13_IRQHandler)
    TIM_Base_SetConfig                       0x080024a5   Thumb Code   170  stm32f4xx_hal_tim.o(i.TIM_Base_SetConfig)
    TIM_ETR_SetConfig                        0x0800257d   Thumb Code    20  stm32f4xx_hal_tim.o(i.TIM_ETR_SetConfig)
    UART_Start_Receive_IT                    0x08002815   Thumb Code    54  stm32f4xx_hal_uart.o(i.UART_Start_Receive_IT)
    USART1_IRQHandler                        0x080028bd   Thumb Code     6  stm32f4xx_it.o(i.USART1_IRQHandler)
    UsageFault_Handler                       0x080028c9   Thumb Code     2  stm32f4xx_it.o(i.UsageFault_Handler)
    User_Shell_Init                          0x080028cd   Thumb Code    18  shell_port.o(i.User_Shell_Init)
    User_Shell_Write                         0x080028e9   Thumb Code    18  shell_port.o(i.User_Shell_Write)
    __0printf                                0x08002901   Thumb Code    22  printfa.o(i.__0printf)
    __1printf                                0x08002901   Thumb Code     0  printfa.o(i.__0printf)
    __2printf                                0x08002901   Thumb Code     0  printfa.o(i.__0printf)
    __c89printf                              0x08002901   Thumb Code     0  printfa.o(i.__0printf)
    printf                                   0x08002901   Thumb Code     0  printfa.o(i.__0printf)
    __scatterload_copy                       0x08002941   Thumb Code    14  handlers.o(i.__scatterload_copy)
    __scatterload_null                       0x0800294f   Thumb Code     2  handlers.o(i.__scatterload_null)
    __scatterload_zeroinit                   0x08002951   Thumb Code    14  handlers.o(i.__scatterload_zeroinit)
    fputc                                    0x080031ed   Thumb Code    24  rc522.o(i.fputc)
    main                                     0x08003209   Thumb Code    48  main.o(i.main)
    osDelay                                  0x0800324d   Thumb Code    14  cmsis_os.o(i.osDelay)
    osKernelStart                            0x0800325b   Thumb Code    10  cmsis_os.o(i.osKernelStart)
    osThreadCreate                           0x08003265   Thumb Code    84  cmsis_os.o(i.osThreadCreate)
    pvPortMalloc                             0x08003605   Thumb Code   216  heap_4.o(i.pvPortMalloc)
    pxPortInitialiseStack                    0x080036e1   Thumb Code    40  port.o(i.pxPortInitialiseStack)
    readCard                                 0x0800370d   Thumb Code    36  rc522.o(i.readCard)
    shellBackspace                           0x08003731   Thumb Code     6  shell.o(i.shellBackspace)
    shellCheckPermission                     0x08003737   Thumb Code    48  shell.o(i.shellCheckPermission)
    shellClear                               0x08003769   Thumb Code    24  shell.o(i.shellClear)
    shellClearCommandLine                    0x08003785   Thumb Code    48  shell.o(i.shellClearCommandLine)
    shellCmds                                0x080037b5   Thumb Code    20  shell.o(i.shellCmds)
    shellDelete                              0x080037c9   Thumb Code     8  shell.o(i.shellDelete)
    shellDeleteByte                          0x080037d1   Thumb Code   214  shell.o(i.shellDeleteByte)
    shellDeleteCommandLine                   0x080038a9   Thumb Code    24  shell.o(i.shellDeleteCommandLine)
    shellDown                                0x080038c5   Thumb Code     8  shell.o(i.shellDown)
    shellEnter                               0x080038cd   Thumb Code    20  shell.o(i.shellEnter)
    shellExec                                0x080038e1   Thumb Code   150  shell.o(i.shellExec)
    shellExtParsePara                        0x08003ad1   Thumb Code   184  shell_ext.o(i.shellExtParsePara)
    shellExtRun                              0x08003b89   Thumb Code   206  shell_ext.o(i.shellExtRun)
    shellGetCurrent                          0x08003c95   Thumb Code    36  shell.o(i.shellGetCurrent)
    shellGetVarValue                         0x08003cbd   Thumb Code    62  shell.o(i.shellGetVarValue)
    shellHandler                             0x08003cfd   Thumb Code   198  shell.o(i.shellHandler)
    shellHelp                                0x08003dc9   Thumb Code    40  shell.o(i.shellHelp)
    shellInit                                0x08003ef1   Thumb Code   140  shell.o(i.shellInit)
    shellInsertByte                          0x08003f91   Thumb Code   230  shell.o(i.shellInsertByte)
    shellKeys                                0x0800407d   Thumb Code    20  shell.o(i.shellKeys)
    shellLeft                                0x08004091   Thumb Code    32  shell.o(i.shellLeft)
    shellListCommand                         0x080040b1   Thumb Code    72  shell.o(i.shellListCommand)
    shellListItem                            0x080040fd   Thumb Code   228  shell.o(i.shellListItem)
    shellListKey                             0x080041f1   Thumb Code    76  shell.o(i.shellListKey)
    shellListUser                            0x08004241   Thumb Code    76  shell.o(i.shellListUser)
    shellListVar                             0x08004291   Thumb Code    74  shell.o(i.shellListVar)
    shellNormalInput                         0x080042e1   Thumb Code    16  shell.o(i.shellNormalInput)
    shellRight                               0x080042f1   Thumb Code    32  shell.o(i.shellRight)
    shellRunCommand                          0x08004311   Thumb Code   186  shell.o(i.shellRunCommand)
    shellSeekCommand                         0x080043cd   Thumb Code   110  shell.o(i.shellSeekCommand)
    shellSetUser                             0x0800443d   Thumb Code    90  shell.o(i.shellSetUser)
    shellSetVar                              0x0800449d   Thumb Code    82  shell.o(i.shellSetVar)
    shellSetVarValue                         0x080044f5   Thumb Code   108  shell.o(i.shellSetVarValue)
    shellSplit                               0x08004615   Thumb Code   232  shell.o(i.shellSplit)
    shellTab                                 0x0800473d   Thumb Code   248  shell.o(i.shellTab)
    shellToDec                               0x08004839   Thumb Code    76  shell.o(i.shellToDec)
    shellToHex                               0x08004885   Thumb Code    42  shell.o(i.shellToHex)
    shellUp                                  0x080048af   Thumb Code     6  shell.o(i.shellUp)
    shellUsers                               0x080048b5   Thumb Code    20  shell.o(i.shellUsers)
    shellVars                                0x080048c9   Thumb Code    20  shell.o(i.shellVars)
    shellWriteString                         0x08004a11   Thumb Code    36  shell.o(i.shellWriteString)
    test                                     0x08004a35   Thumb Code    18  main.o(i.test)
    uxListRemove                             0x08004a71   Thumb Code    38  list.o(i.uxListRemove)
    vApplicationGetIdleTaskMemory            0x08004a99   Thumb Code    16  freertos.o(i.vApplicationGetIdleTaskMemory)
    vListInitialise                          0x08004aad   Thumb Code    22  list.o(i.vListInitialise)
    vListInitialiseItem                      0x08004ac3   Thumb Code     6  list.o(i.vListInitialiseItem)
    vListInsert                              0x08004ac9   Thumb Code    48  list.o(i.vListInsert)
    vListInsertEnd                           0x08004af9   Thumb Code    24  list.o(i.vListInsertEnd)
    vPortEnterCritical                       0x08004b11   Thumb Code    54  port.o(i.vPortEnterCritical)
    vPortExitCritical                        0x08004b51   Thumb Code    34  port.o(i.vPortExitCritical)
    vPortFree                                0x08004b79   Thumb Code    94  heap_4.o(i.vPortFree)
    vPortSetupTimerInterrupt                 0x08004bdd   Thumb Code    32  port.o(i.vPortSetupTimerInterrupt)
    vTaskDelay                               0x08004c01   Thumb Code    66  tasks.o(i.vTaskDelay)
    vTaskStartScheduler                      0x08004c4d   Thumb Code    90  tasks.o(i.vTaskStartScheduler)
    vTaskSuspendAll                          0x08004cb9   Thumb Code    10  tasks.o(i.vTaskSuspendAll)
    vTaskSwitchContext                       0x08004cc9   Thumb Code    82  tasks.o(i.vTaskSwitchContext)
    xPortStartScheduler                      0x08004d25   Thumb Code   222  port.o(i.xPortStartScheduler)
    xTaskCreate                              0x08004e19   Thumb Code    90  tasks.o(i.xTaskCreate)
    xTaskCreateStatic                        0x08004e73   Thumb Code    86  tasks.o(i.xTaskCreateStatic)
    xTaskIncrementTick                       0x08004ec9   Thumb Code   194  tasks.o(i.xTaskIncrementTick)
    xTaskResumeAll                           0x08004f95   Thumb Code   182  tasks.o(i.xTaskResumeAll)
    shellCmdtest                             0x08005058   Data           5  main.o(.constdata)
    shellDesctest                            0x0800505d   Data           5  main.o(.constdata)
    AHBPrescTable                            0x080050a4   Data          16  system_stm32f4xx.o(.constdata)
    APBPrescTable                            0x080050b4   Data           8  system_stm32f4xx.o(.constdata)
    shellCmdDefaultUser                      0x080050bc   Data           7  shell.o(.constdata)
    shellPasswordDefaultUser                 0x080050c3   Data           1  shell.o(.constdata)
    shellDesDefaultUser                      0x080050c4   Data          13  shell.o(.constdata)
    shellCmdsetVar                           0x080050d1   Data           7  shell.o(.constdata)
    shellDescsetVar                          0x080050d8   Data           8  shell.o(.constdata)
    shellDesc0x1B5B4100                      0x080050e0   Data           3  shell.o(.constdata)
    shellDesc0x1B5B4200                      0x080050e3   Data           5  shell.o(.constdata)
    shellDesc0x1B5B4300                      0x080050e8   Data           6  shell.o(.constdata)
    shellDesc0x1B5B4400                      0x080050ee   Data           5  shell.o(.constdata)
    shellDesc0x09000000                      0x080050f3   Data           4  shell.o(.constdata)
    shellDesc0x08000000                      0x080050f7   Data          10  shell.o(.constdata)
    shellDesc0x7F000000                      0x08005101   Data          10  shell.o(.constdata)
    shellDesc0x1B5B337E                      0x0800510b   Data           7  shell.o(.constdata)
    shellDesc0x0A000000                      0x08005112   Data           6  shell.o(.constdata)
    shellDesc0x0D000000                      0x08005118   Data           6  shell.o(.constdata)
    shellCmdhelp                             0x0800511e   Data           5  shell.o(.constdata)
    shellDeschelp                            0x08005123   Data          30  shell.o(.constdata)
    shellCmdusers                            0x08005141   Data           6  shell.o(.constdata)
    shellDescusers                           0x08005147   Data          14  shell.o(.constdata)
    shellCmdcmds                             0x08005155   Data           5  shell.o(.constdata)
    shellDesccmds                            0x0800515a   Data          13  shell.o(.constdata)
    shellCmdvars                             0x08005167   Data           5  shell.o(.constdata)
    shellDescvars                            0x0800516c   Data          13  shell.o(.constdata)
    shellCmdkeys                             0x08005179   Data           5  shell.o(.constdata)
    shellDesckeys                            0x0800517e   Data          13  shell.o(.constdata)
    shellCmdclear                            0x0800518b   Data           6  shell.o(.constdata)
    shellDescclear                           0x08005191   Data          14  shell.o(.constdata)
    Region$$Table$$Base                      0x0800545c   Number         0  anon$$obj.o(Region$$Table)
    Region$$Table$$Limit                     0x0800547c   Number         0  anon$$obj.o(Region$$Table)
    shellCommand$$Base                       0x0800547c   Number         0  main.o(shellCommand)
    shellCommandtest                         0x0800547c   Data          16  main.o(shellCommand)
    shellUserDefault                         0x0800548c   Data          16  shell.o(shellCommand)
    shellCommandsetVar                       0x0800549c   Data          16  shell.o(shellCommand)
    shellKey0x1B5B4100                       0x080054ac   Data          16  shell.o(shellCommand)
    shellKey0x1B5B4200                       0x080054bc   Data          16  shell.o(shellCommand)
    shellKey0x1B5B4300                       0x080054cc   Data          16  shell.o(shellCommand)
    shellKey0x1B5B4400                       0x080054dc   Data          16  shell.o(shellCommand)
    shellKey0x09000000                       0x080054ec   Data          16  shell.o(shellCommand)
    shellKey0x08000000                       0x080054fc   Data          16  shell.o(shellCommand)
    shellKey0x7F000000                       0x0800550c   Data          16  shell.o(shellCommand)
    shellKey0x1B5B337E                       0x0800551c   Data          16  shell.o(shellCommand)
    shellKey0x0A000000                       0x0800552c   Data          16  shell.o(shellCommand)
    shellKey0x0D000000                       0x0800553c   Data          16  shell.o(shellCommand)
    shellCommandhelp                         0x0800554c   Data          16  shell.o(shellCommand)
    shellCommandusers                        0x0800555c   Data          16  shell.o(shellCommand)
    shellCommandcmds                         0x0800556c   Data          16  shell.o(shellCommand)
    shellCommandvars                         0x0800557c   Data          16  shell.o(shellCommand)
    shellCommandkeys                         0x0800558c   Data          16  shell.o(shellCommand)
    shellCommandclear                        0x0800559c   Data          16  shell.o(shellCommand)
    shellCommand$$Limit                      0x080055ac   Number         0  shell.o(shellCommand)
    LED_TaskHandle                           0x20000000   Data           4  freertos.o(.data)
    RC522_TaskHandle                         0x20000004   Data           4  freertos.o(.data)
    recv_buf                                 0x20000008   Data           1  usart.o(.data)
    uwTickFreq                               0x2000000c   Data           1  stm32f4xx_hal.o(.data)
    uwTickPrio                               0x20000010   Data           4  stm32f4xx_hal.o(.data)
    uwTick                                   0x20000014   Data           4  stm32f4xx_hal.o(.data)
    SystemCoreClock                          0x20000018   Data           4  system_stm32f4xx.o(.data)
    pxCurrentTCB                             0x2000001c   Data           4  tasks.o(.data)
    pairedChars                              0x20000088   Data           2  shell.o(.data)
    __stdout                                 0x200000e0   Data           4  stdout.o(.data)
    hspi2                                    0x20000348   Data          88  spi.o(.bss)
    htim2                                    0x200003a0   Data          72  tim.o(.bss)
    huart1                                   0x200003e8   Data          72  usart.o(.bss)
    htim8                                    0x20000430   Data          72  stm32f4xx_hal_timebase_tim.o(.bss)
    shell                                    0x20004168   Data         108  shell_port.o(.bss)
    shell_buffer                             0x200041d4   Data         512  shell_port.o(.bss)
    __initial_sp                             0x200047f8   Data           0  startup_stm32f407xx.o(STACK)



==============================================================================

Memory Map of the image

  Image Entry point : 0x08000189

  Load Region LR_IROM1 (Base: 0x08000000, Size: 0x00005690, Max: 0x00100000, ABSOLUTE)

    Execution Region ER_IROM1 (Exec base: 0x08000000, Load base: 0x08000000, Size: 0x000055ac, Max: 0x00100000, ABSOLUTE)

    Exec Addr    Load Addr    Size         Type   Attr      Idx    E Section Name        Object

    0x08000000   0x08000000   0x00000188   Data   RO            3    RESET               startup_stm32f407xx.o
    0x08000188   0x08000188   0x00000000   Code   RO         5368  * .ARM.Collect$$$$00000000  mc_w.l(entry.o)
    0x08000188   0x08000188   0x00000004   Code   RO         5648    .ARM.Collect$$$$00000001  mc_w.l(entry2.o)
    0x0800018c   0x0800018c   0x00000004   Code   RO         5651    .ARM.Collect$$$$00000004  mc_w.l(entry5.o)
    0x08000190   0x08000190   0x00000000   Code   RO         5653    .ARM.Collect$$$$00000008  mc_w.l(entry7b.o)
    0x08000190   0x08000190   0x00000000   Code   RO         5655    .ARM.Collect$$$$0000000A  mc_w.l(entry8b.o)
    0x08000190   0x08000190   0x00000008   Code   RO         5656    .ARM.Collect$$$$0000000B  mc_w.l(entry9a.o)
    0x08000198   0x08000198   0x00000004   Code   RO         5663    .ARM.Collect$$$$0000000E  mc_w.l(entry12b.o)
    0x0800019c   0x0800019c   0x00000000   Code   RO         5658    .ARM.Collect$$$$0000000F  mc_w.l(entry10a.o)
    0x0800019c   0x0800019c   0x00000000   Code   RO         5660    .ARM.Collect$$$$00000011  mc_w.l(entry11a.o)
    0x0800019c   0x0800019c   0x00000004   Code   RO         5649    .ARM.Collect$$$$00002712  mc_w.l(entry2.o)
    0x080001a0   0x080001a0   0x000000be   Code   RO         4640    .emb_text           port.o
    0x0800025e   0x0800025e   0x00000002   PAD
    0x08000260   0x08000260   0x00000024   Code   RO            4    .text               startup_stm32f407xx.o
    0x08000284   0x08000284   0x00000062   Code   RO         5371    .text               mc_w.l(uldiv.o)
    0x080002e6   0x080002e6   0x00000024   Code   RO         5373    .text               mc_w.l(memcpya.o)
    0x0800030a   0x0800030a   0x00000024   Code   RO         5377    .text               mc_w.l(memseta.o)
    0x0800032e   0x0800032e   0x0000000e   Code   RO         5379    .text               mc_w.l(strlen.o)
    0x0800033c   0x0800033c   0x0000001c   Code   RO         5381    .text               mc_w.l(strcmp.o)
    0x08000358   0x08000358   0x0000001e   Code   RO         5383    .text               mc_w.l(strncmp.o)
    0x08000376   0x08000376   0x0000002c   Code   RO         5665    .text               mc_w.l(uidiv.o)
    0x080003a2   0x080003a2   0x0000001e   Code   RO         5667    .text               mc_w.l(llshl.o)
    0x080003c0   0x080003c0   0x00000020   Code   RO         5669    .text               mc_w.l(llushr.o)
    0x080003e0   0x080003e0   0x00000000   Code   RO         5671    .text               mc_w.l(iusefp.o)
    0x080003e0   0x080003e0   0x0000014e   Code   RO         5672    .text               mf_w.l(dadd.o)
    0x0800052e   0x0800052e   0x000000e4   Code   RO         5674    .text               mf_w.l(dmul.o)
    0x08000612   0x08000612   0x000000de   Code   RO         5676    .text               mf_w.l(ddiv.o)
    0x080006f0   0x080006f0   0x00000030   Code   RO         5678    .text               mf_w.l(dfixul.o)
    0x08000720   0x08000720   0x00000030   Code   RO         5680    .text               mf_w.l(cdrcmple.o)
    0x08000750   0x08000750   0x00000024   Code   RO         5682    .text               mc_w.l(init.o)
    0x08000774   0x08000774   0x00000024   Code   RO         5684    .text               mc_w.l(llsshr.o)
    0x08000798   0x08000798   0x000000ba   Code   RO         5686    .text               mf_w.l(depilogue.o)
    0x08000852   0x08000852   0x00000002   Code   RO          456    i.BusFault_Handler  stm32f4xx_it.o
    0x08000854   0x08000854   0x00000002   Code   RO          457    i.DebugMon_Handler  stm32f4xx_it.o
    0x08000856   0x08000856   0x00000004   Code   RO           13    i.Error_Handler     main.o
    0x0800085a   0x0800085a   0x00000092   Code   RO         1051    i.HAL_DMA_Abort     stm32f4xx_hal_dma.o
    0x080008ec   0x080008ec   0x00000024   Code   RO         1052    i.HAL_DMA_Abort_IT  stm32f4xx_hal_dma.o
    0x08000910   0x08000910   0x000001f0   Code   RO          944    i.HAL_GPIO_Init     stm32f4xx_hal_gpio.o
    0x08000b00   0x08000b00   0x00000010   Code   RO          947    i.HAL_GPIO_TogglePin  stm32f4xx_hal_gpio.o
    0x08000b10   0x08000b10   0x0000000a   Code   RO          948    i.HAL_GPIO_WritePin  stm32f4xx_hal_gpio.o
    0x08000b1a   0x08000b1a   0x00000002   PAD
    0x08000b1c   0x08000b1c   0x0000000c   Code   RO         1482    i.HAL_GetTick       stm32f4xx_hal.o
    0x08000b28   0x08000b28   0x00000010   Code   RO         1488    i.HAL_IncTick       stm32f4xx_hal.o
    0x08000b38   0x08000b38   0x00000034   Code   RO         1489    i.HAL_Init          stm32f4xx_hal.o
    0x08000b6c   0x08000b6c   0x0000008c   Code   RO          550    i.HAL_InitTick      stm32f4xx_hal_timebase_tim.o
    0x08000bf8   0x08000bf8   0x00000038   Code   RO          526    i.HAL_MspInit       stm32f4xx_hal_msp.o
    0x08000c30   0x08000c30   0x0000001a   Code   RO         1334    i.HAL_NVIC_EnableIRQ  stm32f4xx_hal_cortex.o
    0x08000c4a   0x08000c4a   0x00000002   PAD
    0x08000c4c   0x08000c4c   0x00000040   Code   RO         1340    i.HAL_NVIC_SetPriority  stm32f4xx_hal_cortex.o
    0x08000c8c   0x08000c8c   0x00000024   Code   RO         1341    i.HAL_NVIC_SetPriorityGrouping  stm32f4xx_hal_cortex.o
    0x08000cb0   0x08000cb0   0x00000134   Code   RO          590    i.HAL_RCC_ClockConfig  stm32f4xx_hal_rcc.o
    0x08000de4   0x08000de4   0x00000040   Code   RO          594    i.HAL_RCC_GetClockConfig  stm32f4xx_hal_rcc.o
    0x08000e24   0x08000e24   0x00000020   Code   RO          597    i.HAL_RCC_GetPCLK1Freq  stm32f4xx_hal_rcc.o
    0x08000e44   0x08000e44   0x00000020   Code   RO          598    i.HAL_RCC_GetPCLK2Freq  stm32f4xx_hal_rcc.o
    0x08000e64   0x08000e64   0x00000060   Code   RO          599    i.HAL_RCC_GetSysClockFreq  stm32f4xx_hal_rcc.o
    0x08000ec4   0x08000ec4   0x0000036c   Code   RO          602    i.HAL_RCC_OscConfig  stm32f4xx_hal_rcc.o
    0x08001230   0x08001230   0x000000bc   Code   RO         1738    i.HAL_SPI_Init      stm32f4xx_hal_spi.o
    0x080012ec   0x080012ec   0x00000090   Code   RO          324    i.HAL_SPI_MspInit   spi.o
    0x0800137c   0x0800137c   0x000001ee   Code   RO         1747    i.HAL_SPI_TransmitReceive  stm32f4xx_hal_spi.o
    0x0800156a   0x0800156a   0x00000002   Code   RO         2755    i.HAL_TIMEx_BreakCallback  stm32f4xx_hal_tim_ex.o
    0x0800156c   0x0800156c   0x00000002   Code   RO         2756    i.HAL_TIMEx_CommutCallback  stm32f4xx_hal_tim_ex.o
    0x0800156e   0x0800156e   0x00000002   PAD
    0x08001570   0x08001570   0x00000090   Code   RO         2774    i.HAL_TIMEx_MasterConfigSynchronization  stm32f4xx_hal_tim_ex.o
    0x08001600   0x08001600   0x0000005a   Code   RO         2051    i.HAL_TIM_Base_Init  stm32f4xx_hal_tim.o
    0x0800165a   0x0800165a   0x00000002   PAD
    0x0800165c   0x0800165c   0x00000024   Code   RO          366    i.HAL_TIM_Base_MspInit  tim.o
    0x08001680   0x08001680   0x00000080   Code   RO         2056    i.HAL_TIM_Base_Start_IT  stm32f4xx_hal_tim.o
    0x08001700   0x08001700   0x000000dc   Code   RO         2060    i.HAL_TIM_ConfigClockSource  stm32f4xx_hal_tim.o
    0x080017dc   0x080017dc   0x00000002   Code   RO         2085    i.HAL_TIM_IC_CaptureCallback  stm32f4xx_hal_tim.o
    0x080017de   0x080017de   0x00000130   Code   RO         2099    i.HAL_TIM_IRQHandler  stm32f4xx_hal_tim.o
    0x0800190e   0x0800190e   0x00000002   Code   RO         2102    i.HAL_TIM_OC_DelayElapsedCallback  stm32f4xx_hal_tim.o
    0x08001910   0x08001910   0x00000002   Code   RO         2129    i.HAL_TIM_PWM_PulseFinishedCallback  stm32f4xx_hal_tim.o
    0x08001912   0x08001912   0x00000002   PAD
    0x08001914   0x08001914   0x00000014   Code   RO           14    i.HAL_TIM_PeriodElapsedCallback  main.o
    0x08001928   0x08001928   0x00000002   Code   RO         2142    i.HAL_TIM_TriggerCallback  stm32f4xx_hal_tim.o
    0x0800192a   0x0800192a   0x00000002   Code   RO         3034    i.HAL_UARTEx_RxEventCallback  stm32f4xx_hal_uart.o
    0x0800192c   0x0800192c   0x00000002   Code   RO         3048    i.HAL_UART_ErrorCallback  stm32f4xx_hal_uart.o
    0x0800192e   0x0800192e   0x00000002   PAD
    0x08001930   0x08001930   0x00000270   Code   RO         3051    i.HAL_UART_IRQHandler  stm32f4xx_hal_uart.o
    0x08001ba0   0x08001ba0   0x00000064   Code   RO         3052    i.HAL_UART_Init     stm32f4xx_hal_uart.o
    0x08001c04   0x08001c04   0x0000007c   Code   RO          408    i.HAL_UART_MspInit  usart.o
    0x08001c80   0x08001c80   0x0000001c   Code   RO         3057    i.HAL_UART_Receive_IT  stm32f4xx_hal_uart.o
    0x08001c9c   0x08001c9c   0x00000034   Code   RO          409    i.HAL_UART_RxCpltCallback  usart.o
    0x08001cd0   0x08001cd0   0x000000a0   Code   RO         3060    i.HAL_UART_Transmit  stm32f4xx_hal_uart.o
    0x08001d70   0x08001d70   0x00000002   Code   RO         3063    i.HAL_UART_TxCpltCallback  stm32f4xx_hal_uart.o
    0x08001d72   0x08001d72   0x00000002   Code   RO          458    i.HardFault_Handler  stm32f4xx_it.o
    0x08001d74   0x08001d74   0x00000018   Code   RO         4787    i.MFRC_ClrBitMask   rc522.o
    0x08001d8c   0x08001d8c   0x00000120   Code   RO         4788    i.MFRC_CmdFrame     rc522.o
    0x08001eac   0x08001eac   0x0000003c   Code   RO         4790    i.MFRC_ReadReg      rc522.o
    0x08001ee8   0x08001ee8   0x00000018   Code   RO         4791    i.MFRC_SetBitMask   rc522.o
    0x08001f00   0x08001f00   0x0000003c   Code   RO         4792    i.MFRC_WriteReg     rc522.o
    0x08001f3c   0x08001f3c   0x0000003c   Code   RO          267    i.MX_FREERTOS_Init  freertos.o
    0x08001f78   0x08001f78   0x000000bc   Code   RO          243    i.MX_GPIO_Init      gpio.o
    0x08002034   0x08002034   0x00000048   Code   RO          325    i.MX_SPI2_Init      spi.o
    0x0800207c   0x0800207c   0x00000068   Code   RO          367    i.MX_TIM2_Init      tim.o
    0x080020e4   0x080020e4   0x00000038   Code   RO          410    i.MX_USART1_UART_Init  usart.o
    0x0800211c   0x0800211c   0x00000002   Code   RO          459    i.MemManage_Handler  stm32f4xx_it.o
    0x0800211e   0x0800211e   0x00000002   Code   RO          460    i.NMI_Handler       stm32f4xx_it.o
    0x08002120   0x08002120   0x0000006a   Code   RO         4795    i.PCD_Anticoll      rc522.o
    0x0800218a   0x0800218a   0x00000050   Code   RO         4801    i.PCD_Request       rc522.o
    0x080021da   0x080021da   0x00000002   PAD
    0x080021dc   0x080021dc   0x00000024   Code   RO         4806    i.SPI2_RW_Byte      rc522.o
    0x08002200   0x08002200   0x0000006c   Code   RO         1776    i.SPI_EndRxTxTransaction  stm32f4xx_hal_spi.o
    0x0800226c   0x0800226c   0x000000b8   Code   RO         1781    i.SPI_WaitFlagStateUntilTimeout  stm32f4xx_hal_spi.o
    0x08002324   0x08002324   0x00000028   Code   RO          268    i.Start_LED_Task    freertos.o
    0x0800234c   0x0800234c   0x00000080   Code   RO          269    i.Start_RC522_Task  freertos.o
    0x080023cc   0x080023cc   0x0000002c   Code   RO         4641    i.SysTick_Handler   port.o
    0x080023f8   0x080023f8   0x00000090   Code   RO           15    i.SystemClock_Config  main.o
    0x08002488   0x08002488   0x00000010   Code   RO         3386    i.SystemInit        system_stm32f4xx.o
    0x08002498   0x08002498   0x0000000c   Code   RO          461    i.TIM8_UP_TIM13_IRQHandler  stm32f4xx_it.o
    0x080024a4   0x080024a4   0x000000d8   Code   RO         2144    i.TIM_Base_SetConfig  stm32f4xx_hal_tim.o
    0x0800257c   0x0800257c   0x00000014   Code   RO         2155    i.TIM_ETR_SetConfig  stm32f4xx_hal_tim.o
    0x08002590   0x08002590   0x00000010   Code   RO         2156    i.TIM_ITRx_SetConfig  stm32f4xx_hal_tim.o
    0x080025a0   0x080025a0   0x00000022   Code   RO         2162    i.TIM_TI1_ConfigInputStage  stm32f4xx_hal_tim.o
    0x080025c2   0x080025c2   0x00000024   Code   RO         2164    i.TIM_TI2_ConfigInputStage  stm32f4xx_hal_tim.o
    0x080025e6   0x080025e6   0x00000010   Code   RO         3065    i.UART_DMAAbortOnError  stm32f4xx_hal_uart.o
    0x080025f6   0x080025f6   0x0000004e   Code   RO         3075    i.UART_EndRxTransfer  stm32f4xx_hal_uart.o
    0x08002644   0x08002644   0x000000c2   Code   RO         3077    i.UART_Receive_IT   stm32f4xx_hal_uart.o
    0x08002706   0x08002706   0x00000002   PAD
    0x08002708   0x08002708   0x0000010c   Code   RO         3078    i.UART_SetConfig    stm32f4xx_hal_uart.o
    0x08002814   0x08002814   0x00000036   Code   RO         3080    i.UART_Start_Receive_IT  stm32f4xx_hal_uart.o
    0x0800284a   0x0800284a   0x00000072   Code   RO         3081    i.UART_WaitOnFlagUntilTimeout  stm32f4xx_hal_uart.o
    0x080028bc   0x080028bc   0x0000000c   Code   RO          462    i.USART1_IRQHandler  stm32f4xx_it.o
    0x080028c8   0x080028c8   0x00000002   Code   RO          463    i.UsageFault_Handler  stm32f4xx_it.o
    0x080028ca   0x080028ca   0x00000002   PAD
    0x080028cc   0x080028cc   0x0000001c   Code   RO         4938    i.User_Shell_Init   shell_port.o
    0x080028e8   0x080028e8   0x00000018   Code   RO         4939    i.User_Shell_Write  shell_port.o
    0x08002900   0x08002900   0x00000020   Code   RO         5620    i.__0printf         mc_w.l(printfa.o)
    0x08002920   0x08002920   0x00000020   Code   RO         1347    i.__NVIC_SetPriority  stm32f4xx_hal_cortex.o
    0x08002940   0x08002940   0x0000000e   Code   RO         5690    i.__scatterload_copy  mc_w.l(handlers.o)
    0x0800294e   0x0800294e   0x00000002   Code   RO         5691    i.__scatterload_null  mc_w.l(handlers.o)
    0x08002950   0x08002950   0x0000000e   Code   RO         5692    i.__scatterload_zeroinit  mc_w.l(handlers.o)
    0x0800295e   0x0800295e   0x00000002   PAD
    0x08002960   0x08002960   0x00000184   Code   RO         5627    i._fp_digits        mc_w.l(printfa.o)
    0x08002ae4   0x08002ae4   0x000006b4   Code   RO         5628    i._printf_core      mc_w.l(printfa.o)
    0x08003198   0x08003198   0x00000024   Code   RO         5629    i._printf_post_padding  mc_w.l(printfa.o)
    0x080031bc   0x080031bc   0x0000002e   Code   RO         5630    i._printf_pre_padding  mc_w.l(printfa.o)
    0x080031ea   0x080031ea   0x00000002   PAD
    0x080031ec   0x080031ec   0x0000001c   Code   RO         4807    i.fputc             rc522.o
    0x08003208   0x08003208   0x00000038   Code   RO           16    i.main              main.o
    0x08003240   0x08003240   0x0000000c   Code   RO         4206    i.makeFreeRtosPriority  cmsis_os.o
    0x0800324c   0x0800324c   0x0000000e   Code   RO         4208    i.osDelay           cmsis_os.o
    0x0800325a   0x0800325a   0x0000000a   Code   RO         4211    i.osKernelStart     cmsis_os.o
    0x08003264   0x08003264   0x00000054   Code   RO         4245    i.osThreadCreate    cmsis_os.o
    0x080032b8   0x080032b8   0x00000070   Code   RO         3888    i.prvAddCurrentTaskToDelayedList  tasks.o
    0x08003328   0x08003328   0x000000d0   Code   RO         3889    i.prvAddNewTaskToReadyList  tasks.o
    0x080033f8   0x080033f8   0x00000034   Code   RO         3890    i.prvDeleteTCB      tasks.o
    0x0800342c   0x0800342c   0x0000004c   Code   RO         4573    i.prvHeapInit       heap_4.o
    0x08003478   0x08003478   0x00000060   Code   RO         3891    i.prvIdleTask       tasks.o
    0x080034d8   0x080034d8   0x00000098   Code   RO         3892    i.prvInitialiseNewTask  tasks.o
    0x08003570   0x08003570   0x0000004c   Code   RO         4574    i.prvInsertBlockIntoFreeList  heap_4.o
    0x080035bc   0x080035bc   0x00000020   Code   RO         3893    i.prvResetNextTaskUnblockTime  tasks.o
    0x080035dc   0x080035dc   0x00000028   Code   RO         4642    i.prvTaskExitError  port.o
    0x08003604   0x08003604   0x000000dc   Code   RO         4575    i.pvPortMalloc      heap_4.o
    0x080036e0   0x080036e0   0x0000002c   Code   RO         4643    i.pxPortInitialiseStack  port.o
    0x0800370c   0x0800370c   0x00000024   Code   RO         4808    i.readCard          rc522.o
    0x08003730   0x08003730   0x00000006   Code   RO         5012    i.shellBackspace    shell.o
    0x08003736   0x08003736   0x00000030   Code   RO         5013    i.shellCheckPermission  shell.o
    0x08003766   0x08003766   0x00000002   PAD
    0x08003768   0x08003768   0x0000001c   Code   RO         5014    i.shellClear        shell.o
    0x08003784   0x08003784   0x00000030   Code   RO         5015    i.shellClearCommandLine  shell.o
    0x080037b4   0x080037b4   0x00000014   Code   RO         5016    i.shellCmds         shell.o
    0x080037c8   0x080037c8   0x00000008   Code   RO         5017    i.shellDelete       shell.o
    0x080037d0   0x080037d0   0x000000d6   Code   RO         5018    i.shellDeleteByte   shell.o
    0x080038a6   0x080038a6   0x00000002   PAD
    0x080038a8   0x080038a8   0x0000001c   Code   RO         5019    i.shellDeleteCommandLine  shell.o
    0x080038c4   0x080038c4   0x00000008   Code   RO         5020    i.shellDown         shell.o
    0x080038cc   0x080038cc   0x00000014   Code   RO         5021    i.shellEnter        shell.o
    0x080038e0   0x080038e0   0x000000a0   Code   RO         5022    i.shellExec         shell.o
    0x08003980   0x08003980   0x00000046   Code   RO         4975    i.shellExtParseChar  shell_ext.o
    0x080039c6   0x080039c6   0x0000010a   Code   RO         4976    i.shellExtParseNumber  shell_ext.o
    0x08003ad0   0x08003ad0   0x000000b8   Code   RO         4977    i.shellExtParsePara  shell_ext.o
    0x08003b88   0x08003b88   0x000000ce   Code   RO         4978    i.shellExtRun       shell_ext.o
    0x08003c56   0x08003c56   0x00000004   Code   RO         5023    i.shellGetCommandDesc  shell.o
    0x08003c5a   0x08003c5a   0x00000002   PAD
    0x08003c5c   0x08003c5c   0x00000038   Code   RO         5024    i.shellGetCommandName  shell.o
    0x08003c94   0x08003c94   0x00000028   Code   RO         5025    i.shellGetCurrent   shell.o
    0x08003cbc   0x08003cbc   0x0000003e   Code   RO         5026    i.shellGetVarValue  shell.o
    0x08003cfa   0x08003cfa   0x00000002   PAD
    0x08003cfc   0x08003cfc   0x000000cc   Code   RO         5027    i.shellHandler      shell.o
    0x08003dc8   0x08003dc8   0x00000028   Code   RO         5028    i.shellHelp         shell.o
    0x08003df0   0x08003df0   0x00000098   Code   RO         5029    i.shellHistory      shell.o
    0x08003e88   0x08003e88   0x00000068   Code   RO         5030    i.shellHistoryAdd   shell.o
    0x08003ef0   0x08003ef0   0x000000a0   Code   RO         5031    i.shellInit         shell.o
    0x08003f90   0x08003f90   0x000000ec   Code   RO         5032    i.shellInsertByte   shell.o
    0x0800407c   0x0800407c   0x00000014   Code   RO         5033    i.shellKeys         shell.o
    0x08004090   0x08004090   0x00000020   Code   RO         5034    i.shellLeft         shell.o
    0x080040b0   0x080040b0   0x0000004c   Code   RO         5036    i.shellListCommand  shell.o
    0x080040fc   0x080040fc   0x000000f4   Code   RO         5037    i.shellListItem     shell.o
    0x080041f0   0x080041f0   0x00000050   Code   RO         5038    i.shellListKey      shell.o
    0x08004240   0x08004240   0x00000050   Code   RO         5039    i.shellListUser     shell.o
    0x08004290   0x08004290   0x00000050   Code   RO         5040    i.shellListVar      shell.o
    0x080042e0   0x080042e0   0x00000010   Code   RO         5041    i.shellNormalInput  shell.o
    0x080042f0   0x080042f0   0x00000020   Code   RO         5044    i.shellRight        shell.o
    0x08004310   0x08004310   0x000000ba   Code   RO         5046    i.shellRunCommand   shell.o
    0x080043ca   0x080043ca   0x00000002   PAD
    0x080043cc   0x080043cc   0x0000006e   Code   RO         5047    i.shellSeekCommand  shell.o
    0x0800443a   0x0800443a   0x00000002   PAD
    0x0800443c   0x0800443c   0x00000060   Code   RO         5048    i.shellSetUser      shell.o
    0x0800449c   0x0800449c   0x00000058   Code   RO         5049    i.shellSetVar       shell.o
    0x080044f4   0x080044f4   0x00000070   Code   RO         5050    i.shellSetVarValue  shell.o
    0x08004564   0x08004564   0x000000b0   Code   RO         5051    i.shellShowVar      shell.o
    0x08004614   0x08004614   0x000000ec   Code   RO         5052    i.shellSplit        shell.o
    0x08004700   0x08004700   0x00000024   Code   RO         5053    i.shellStringCompare  shell.o
    0x08004724   0x08004724   0x00000018   Code   RO         5054    i.shellStringCopy   shell.o
    0x0800473c   0x0800473c   0x000000fc   Code   RO         5055    i.shellTab          shell.o
    0x08004838   0x08004838   0x0000004c   Code   RO         5057    i.shellToDec        shell.o
    0x08004884   0x08004884   0x0000002a   Code   RO         5058    i.shellToHex        shell.o
    0x080048ae   0x080048ae   0x00000006   Code   RO         5059    i.shellUp           shell.o
    0x080048b4   0x080048b4   0x00000014   Code   RO         5060    i.shellUsers        shell.o
    0x080048c8   0x080048c8   0x00000014   Code   RO         5061    i.shellVars         shell.o
    0x080048dc   0x080048dc   0x00000058   Code   RO         5062    i.shellWriteCommandHelp  shell.o
    0x08004934   0x08004934   0x0000005c   Code   RO         5063    i.shellWritePrompt  shell.o
    0x08004990   0x08004990   0x00000080   Code   RO         5064    i.shellWriteReturnValue  shell.o
    0x08004a10   0x08004a10   0x00000024   Code   RO         5065    i.shellWriteString  shell.o
    0x08004a34   0x08004a34   0x0000003c   Code   RO           17    i.test              main.o
    0x08004a70   0x08004a70   0x00000026   Code   RO         3524    i.uxListRemove      list.o
    0x08004a96   0x08004a96   0x00000002   PAD
    0x08004a98   0x08004a98   0x00000014   Code   RO          270    i.vApplicationGetIdleTaskMemory  freertos.o
    0x08004aac   0x08004aac   0x00000016   Code   RO         3525    i.vListInitialise   list.o
    0x08004ac2   0x08004ac2   0x00000006   Code   RO         3526    i.vListInitialiseItem  list.o
    0x08004ac8   0x08004ac8   0x00000030   Code   RO         3527    i.vListInsert       list.o
    0x08004af8   0x08004af8   0x00000018   Code   RO         3528    i.vListInsertEnd    list.o
    0x08004b10   0x08004b10   0x00000040   Code   RO         4645    i.vPortEnterCritical  port.o
    0x08004b50   0x08004b50   0x00000028   Code   RO         4646    i.vPortExitCritical  port.o
    0x08004b78   0x08004b78   0x00000064   Code   RO         4576    i.vPortFree         heap_4.o
    0x08004bdc   0x08004bdc   0x00000024   Code   RO         4647    i.vPortSetupTimerInterrupt  port.o
    0x08004c00   0x08004c00   0x0000004c   Code   RO         3902    i.vTaskDelay        tasks.o
    0x08004c4c   0x08004c4c   0x0000006c   Code   RO         3915    i.vTaskStartScheduler  tasks.o
    0x08004cb8   0x08004cb8   0x00000010   Code   RO         3917    i.vTaskSuspendAll   tasks.o
    0x08004cc8   0x08004cc8   0x0000005c   Code   RO         3918    i.vTaskSwitchContext  tasks.o
    0x08004d24   0x08004d24   0x000000f4   Code   RO         4649    i.xPortStartScheduler  port.o
    0x08004e18   0x08004e18   0x0000005a   Code   RO         3921    i.xTaskCreate       tasks.o
    0x08004e72   0x08004e72   0x00000056   Code   RO         3922    i.xTaskCreateStatic  tasks.o
    0x08004ec8   0x08004ec8   0x000000cc   Code   RO         3929    i.xTaskIncrementTick  tasks.o
    0x08004f94   0x08004f94   0x000000c4   Code   RO         3935    i.xTaskResumeAll    tasks.o
    0x08005058   0x08005058   0x00000005   Data   RO           18    .constdata          main.o
    0x0800505d   0x0800505d   0x00000005   Data   RO           19    .constdata          main.o
    0x08005062   0x08005062   0x00000002   PAD
    0x08005064   0x08005064   0x00000040   Data   RO          272    .constdata          freertos.o
    0x080050a4   0x080050a4   0x00000010   Data   RO         3387    .constdata          system_stm32f4xx.o
    0x080050b4   0x080050b4   0x00000008   Data   RO         3388    .constdata          system_stm32f4xx.o
    0x080050bc   0x080050bc   0x00000007   Data   RO         5067    .constdata          shell.o
    0x080050c3   0x080050c3   0x00000001   Data   RO         5068    .constdata          shell.o
    0x080050c4   0x080050c4   0x0000000d   Data   RO         5069    .constdata          shell.o
    0x080050d1   0x080050d1   0x00000007   Data   RO         5070    .constdata          shell.o
    0x080050d8   0x080050d8   0x00000008   Data   RO         5071    .constdata          shell.o
    0x080050e0   0x080050e0   0x00000003   Data   RO         5072    .constdata          shell.o
    0x080050e3   0x080050e3   0x00000005   Data   RO         5073    .constdata          shell.o
    0x080050e8   0x080050e8   0x00000006   Data   RO         5074    .constdata          shell.o
    0x080050ee   0x080050ee   0x00000005   Data   RO         5075    .constdata          shell.o
    0x080050f3   0x080050f3   0x00000004   Data   RO         5076    .constdata          shell.o
    0x080050f7   0x080050f7   0x0000000a   Data   RO         5077    .constdata          shell.o
    0x08005101   0x08005101   0x0000000a   Data   RO         5078    .constdata          shell.o
    0x0800510b   0x0800510b   0x00000007   Data   RO         5079    .constdata          shell.o
    0x08005112   0x08005112   0x00000006   Data   RO         5080    .constdata          shell.o
    0x08005118   0x08005118   0x00000006   Data   RO         5081    .constdata          shell.o
    0x0800511e   0x0800511e   0x00000005   Data   RO         5082    .constdata          shell.o
    0x08005123   0x08005123   0x0000001e   Data   RO         5083    .constdata          shell.o
    0x08005141   0x08005141   0x00000006   Data   RO         5084    .constdata          shell.o
    0x08005147   0x08005147   0x0000000e   Data   RO         5085    .constdata          shell.o
    0x08005155   0x08005155   0x00000005   Data   RO         5086    .constdata          shell.o
    0x0800515a   0x0800515a   0x0000000d   Data   RO         5087    .constdata          shell.o
    0x08005167   0x08005167   0x00000005   Data   RO         5088    .constdata          shell.o
    0x0800516c   0x0800516c   0x0000000d   Data   RO         5089    .constdata          shell.o
    0x08005179   0x08005179   0x00000005   Data   RO         5090    .constdata          shell.o
    0x0800517e   0x0800517e   0x0000000d   Data   RO         5091    .constdata          shell.o
    0x0800518b   0x0800518b   0x00000006   Data   RO         5092    .constdata          shell.o
    0x08005191   0x08005191   0x0000000e   Data   RO         5093    .constdata          shell.o
    0x0800519f   0x0800519f   0x00000001   PAD
    0x080051a0   0x080051a0   0x00000015   Data   RO          273    .conststring        freertos.o
    0x080051b5   0x080051b5   0x00000003   PAD
    0x080051b8   0x080051b8   0x000002a1   Data   RO         5094    .conststring        shell.o
    0x08005459   0x08005459   0x00000003   PAD
    0x0800545c   0x0800545c   0x00000020   Data   RO         5688    Region$$Table       anon$$obj.o
    0x0800547c   0x0800547c   0x00000010   Data   RO           20    shellCommand        main.o
    0x0800548c   0x0800548c   0x00000120   Data   RO         5096    shellCommand        shell.o


    Execution Region RW_IRAM1 (Exec base: 0x20000000, Load base: 0x080055ac, Size: 0x000047f8, Max: 0x0001c000, ABSOLUTE)

    Exec Addr    Load Addr    Size         Type   Attr      Idx    E Section Name        Object

    0x20000000   0x080055ac   0x00000008   Data   RW          274    .data               freertos.o
    0x20000008   0x080055b4   0x00000001   Data   RW          412    .data               usart.o
    0x20000009   0x080055b5   0x00000003   PAD
    0x2000000c   0x080055b8   0x0000000c   Data   RW         1496    .data               stm32f4xx_hal.o
    0x20000018   0x080055c4   0x00000004   Data   RW         3389    .data               system_stm32f4xx.o
    0x2000001c   0x080055c8   0x0000003c   Data   RW         3938    .data               tasks.o
    0x20000058   0x08005604   0x00000020   Data   RW         4582    .data               heap_4.o
    0x20000078   0x08005624   0x0000000c   Data   RW         4650    .data               port.o
    0x20000084   0x08005630   0x00000001   Data   RW         4809    .data               rc522.o
    0x20000085   0x08005631   0x00000003   PAD
    0x20000088   0x08005634   0x00000058   Data   RW         5095    .data               shell.o
    0x200000e0   0x0800568c   0x00000004   Data   RW         5664    .data               mc_w.l(stdout.o)
    0x200000e4        -       0x00000264   Zero   RW          271    .bss                freertos.o
    0x20000348        -       0x00000058   Zero   RW          326    .bss                spi.o
    0x200003a0        -       0x00000048   Zero   RW          368    .bss                tim.o
    0x200003e8        -       0x00000048   Zero   RW          411    .bss                usart.o
    0x20000430        -       0x00000048   Zero   RW          553    .bss                stm32f4xx_hal_timebase_tim.o
    0x20000478        -       0x000000f0   Zero   RW         3937    .bss                tasks.o
    0x20000568        -       0x00003c00   Zero   RW         4581    .bss                heap_4.o
    0x20004168        -       0x0000026c   Zero   RW         4940    .bss                shell_port.o
    0x200043d4        -       0x0000001d   Zero   RW         5066    .bss                shell.o
    0x200043f1   0x08005690   0x00000007   PAD
    0x200043f8        -       0x00000400   Zero   RW            1    STACK               startup_stm32f407xx.o


    Execution Region RW_IRAM2 (Exec base: 0x2001c000, Load base: 0x08005690, Size: 0x00000000, Max: 0x00004000, ABSOLUTE)

    **** No section assigned to this execution region ****


==============================================================================

Image component sizes


      Code (inc. data)   RO Data    RW Data    ZI Data      Debug   Object Name

       120          0          0          0          0      23497   cmsis_os.o
         0          0          0          0          0      16976   event_groups.o
       248         64         85          8        612       3457   freertos.o
       188         12          0          0          0       1055   gpio.o
       472         24          0         32      15360       7571   heap_4.o
       138          0          0          0          0       3674   list.o
       284         66         26          0          0     739569   main.o
       702         72          0         12          0      11240   port.o
       742         30          0          1          0       8501   rc522.o
      4130        230       1188         88         29      42007   shell.o
       726          8          0          0          0       6366   shell_ext.o
        52         16          0          0        620       1802   shell_port.o
       216         26          0          0         88       1833   spi.o
        36          8        392          0       1024        860   startup_stm32f407xx.o
        80         14          0         12          0       8218   stm32f4xx_hal.o
       158         14          0          0          0      33138   stm32f4xx_hal_cortex.o
       182          0          0          0          0       2171   stm32f4xx_hal_dma.o
       522         46          0          0          0       2933   stm32f4xx_hal_gpio.o
        56          4          0          0          0        914   stm32f4xx_hal_msp.o
      1408         82          0          0          0       6057   stm32f4xx_hal_rcc.o
       974         14          0          0          0       5109   stm32f4xx_hal_spi.o
      1072         74          0          0          0      10653   stm32f4xx_hal_tim.o
       148         28          0          0          0       2577   stm32f4xx_hal_tim_ex.o
       140         22          0          0         72       1487   stm32f4xx_hal_timebase_tim.o
      1642         16          0          0          0      11760   stm32f4xx_hal_uart.o
        36         12          0          0          0       3916   stm32f4xx_it.o
         0          0          0          0          0        384   stream_buffer.o
        16          4         24          4          0       1199   system_stm32f4xx.o
      1520        112          0         60        240      19866   tasks.o
       140         10          0          0         72       1754   tim.o
       232         38          0          1         72       2505   usart.o

    ----------------------------------------------------------------------
     16414       1046       1756        224      18196     983049   Object Totals
         0          0         32          0          0          0   (incl. Generated)
        34          0          9          6          7          0   (incl. Padding)

    ----------------------------------------------------------------------

      Code (inc. data)   RO Data    RW Data    ZI Data      Debug   Library Member Name

         0          0          0          0          0          0   entry.o
         0          0          0          0          0          0   entry10a.o
         0          0          0          0          0          0   entry11a.o
         4          0          0          0          0          0   entry12b.o
         8          4          0          0          0          0   entry2.o
         4          0          0          0          0          0   entry5.o
         0          0          0          0          0          0   entry7b.o
         0          0          0          0          0          0   entry8b.o
         8          4          0          0          0          0   entry9a.o
        30          0          0          0          0          0   handlers.o
        36          8          0          0          0         68   init.o
         0          0          0          0          0          0   iusefp.o
        30          0          0          0          0         68   llshl.o
        36          0          0          0          0         68   llsshr.o
        32          0          0          0          0         68   llushr.o
        36          0          0          0          0         68   memcpya.o
        36          0          0          0          0        108   memseta.o
      2218         90          0          0          0        464   printfa.o
         0          0          0          4          0          0   stdout.o
        28          0          0          0          0         76   strcmp.o
        14          0          0          0          0         68   strlen.o
        30          0          0          0          0         80   strncmp.o
        44          0          0          0          0         80   uidiv.o
        98          0          0          0          0         92   uldiv.o
        48          0          0          0          0         68   cdrcmple.o
       334          0          0          0          0        148   dadd.o
       222          0          0          0          0        100   ddiv.o
       186          0          0          0          0        176   depilogue.o
        48          0          0          0          0         68   dfixul.o
       228          0          0          0          0         96   dmul.o

    ----------------------------------------------------------------------
      3762        106          0          4          0       1964   Library Totals
         4          0          0          0          0          0   (incl. Padding)

    ----------------------------------------------------------------------

      Code (inc. data)   RO Data    RW Data    ZI Data      Debug   Library Name

      2692        106          0          4          0       1308   mc_w.l
      1066          0          0          0          0        656   mf_w.l

    ----------------------------------------------------------------------
      3762        106          0          4          0       1964   Library Totals

    ----------------------------------------------------------------------

==============================================================================


      Code (inc. data)   RO Data    RW Data    ZI Data      Debug   

     20176       1152       1756        228      18196     967029   Grand Totals
     20176       1152       1756        228      18196     967029   ELF Image Totals
     20176       1152       1756        228          0          0   ROM Totals

==============================================================================

    Total RO  Size (Code + RO Data)                21932 (  21.42kB)
    Total RW  Size (RW Data + ZI Data)             18424 (  17.99kB)
    Total ROM Size (Code + RO Data + RW Data)      22160 (  21.64kB)

==============================================================================

